
Allocating common symbols
Common symbol       size              file

ide_devices         0xa0              drivers/x86_64/disk.x86_64.o
kmalloc_addr        0x8               vm/x86_64/mm_virt.x86_64.o
used_blocks         0x8               vm/x86_64/mm_phys.x86_64.o
polltty_gcd         0x8               drivers/x86_64/polltty.x86_64.o
_mem_bitmap         0x8               vm/x86_64/mm_phys.x86_64.o
total_blocks        0x8               vm/x86_64/mm_phys.x86_64.o
pt_pool             0x400000          vm/x86_64/mm_virt.x86_64.o
fdts                0x40800           proc/fdt.x86_64.o
sleep_resource      0x4               kernel/thread.x86_64.o
highest_page        0x8               vm/x86_64/mm_phys.x86_64.o
tss_descriptors     0x1c0             kernel/x86_64/tss.x86_64.o
tty_dev             0x8               drivers/x86_64/polltty.x86_64.o
thread_table        0x800             kernel/thread.x86_64.o
stalloced_total     0x8               kernel/stalloc.x86_64.o
memory_size         0x8               vm/x86_64/mm_phys.x86_64.o
fdt_lock            0x4               proc/fdt.x86_64.o
ide_gbd             0xa0              drivers/x86_64/disk.x86_64.o
pt_bitmap           0x80              vm/x86_64/mm_virt.x86_64.o
bitmap_size         0x8               vm/x86_64/mm_phys.x86_64.o
physmem_lock        0x8               vm/x86_64/mm_phys.x86_64.o
scheduler_current_thread
                    0x10              kernel/scheduler.x86_64.o
kb_code             0x4               drivers/x86_64/keyboard.x86_64.o
ide_channels        0x48              drivers/x86_64/disk.x86_64.o
ide_dev             0x80              drivers/x86_64/disk.x86_64.o
thread_table_klock  0x4               kernel/thread.x86_64.o
process_table       0x8600            proc/process.x86_64.o
thread_stack_areas  0x20000           kernel/thread.x86_64.o
polltty_iobase      0x8               drivers/x86_64/polltty.x86_64.o
process_table_lock  0x4               proc/process.x86_64.o
p_slock             0x4               proc/process.x86_64.o
kb_slock            0x4               drivers/x86_64/keyboard.x86_64.o

Discarded input sections

 .comment       0x0000000000000000       0x1b init/x86_64/main.x86_64.o
 .eh_frame      0x0000000000000000       0x38 init/x86_64/main.x86_64.o
 .comment       0x0000000000000000       0x1b kernel/x86_64/_spinlock.x86_64.o
 .eh_frame      0x0000000000000000       0x58 kernel/x86_64/_spinlock.x86_64.o
 .comment       0x0000000000000000       0x1b kernel/x86_64/cswitch.x86_64.o
 .eh_frame      0x0000000000000000       0xd8 kernel/x86_64/cswitch.x86_64.o
 .comment       0x0000000000000000       0x1b kernel/x86_64/interrupt.x86_64.o
 .eh_frame      0x0000000000000000      0x118 kernel/x86_64/interrupt.x86_64.o
 .comment       0x0000000000000000       0x1b kernel/x86_64/stubs.x86_64.o
 .eh_frame      0x0000000000000000       0x58 kernel/x86_64/stubs.x86_64.o
 .comment       0x0000000000000000       0x1b kernel/x86_64/gdt.x86_64.o
 .eh_frame      0x0000000000000000       0x78 kernel/x86_64/gdt.x86_64.o
 .comment       0x0000000000000000       0x1b kernel/x86_64/idt.x86_64.o
 .eh_frame      0x0000000000000000       0x58 kernel/x86_64/idt.x86_64.o
 .comment       0x0000000000000000       0x1b kernel/x86_64/exception.x86_64.o
 .eh_frame      0x0000000000000000       0x38 kernel/x86_64/exception.x86_64.o
 .comment       0x0000000000000000       0x1b kernel/x86_64/pic.x86_64.o
 .eh_frame      0x0000000000000000       0xf8 kernel/x86_64/pic.x86_64.o
 .comment       0x0000000000000000       0x1b kernel/x86_64/tss.x86_64.o
 .eh_frame      0x0000000000000000       0xb8 kernel/x86_64/tss.x86_64.o
 .comment       0x0000000000000000       0x1b vm/x86_64/mm_phys.x86_64.o
 .eh_frame      0x0000000000000000      0x178 vm/x86_64/mm_phys.x86_64.o
 .comment       0x0000000000000000       0x1b vm/x86_64/mm_virt.x86_64.o
 .eh_frame      0x0000000000000000      0x2d8 vm/x86_64/mm_virt.x86_64.o
 .comment       0x0000000000000000       0x1b lib/x86_64/asm.x86_64.o
 .eh_frame      0x0000000000000000       0xb8 lib/x86_64/asm.x86_64.o
 .comment       0x0000000000000000       0x1b lib/x86_64/srand.x86_64.o
 .eh_frame      0x0000000000000000       0x58 lib/x86_64/srand.x86_64.o
 .comment       0x0000000000000000       0x1b drivers/x86_64/polltty.x86_64.o
 .eh_frame      0x0000000000000000       0x78 drivers/x86_64/polltty.x86_64.o
 .comment       0x0000000000000000       0x1b drivers/x86_64/tty.x86_64.o
 .eh_frame      0x0000000000000000       0x78 drivers/x86_64/tty.x86_64.o
 .comment       0x0000000000000000       0x1b drivers/x86_64/device.x86_64.o
 .eh_frame      0x0000000000000000       0x78 drivers/x86_64/device.x86_64.o
 .comment       0x0000000000000000       0x1b drivers/x86_64/pit.x86_64.o
 .eh_frame      0x0000000000000000       0xd8 drivers/x86_64/pit.x86_64.o
 .comment       0x0000000000000000       0x1b drivers/x86_64/keyboard.x86_64.o
 .eh_frame      0x0000000000000000      0x198 drivers/x86_64/keyboard.x86_64.o
 .comment       0x0000000000000000       0x1b drivers/x86_64/disk.x86_64.o
 .eh_frame      0x0000000000000000      0x158 drivers/x86_64/disk.x86_64.o
 .comment       0x0000000000000000       0x1b drivers/x86_64/metadev.x86_64.o
 .eh_frame      0x0000000000000000       0x38 drivers/x86_64/metadev.x86_64.o
 .comment       0x0000000000000000       0x1b drivers/x86_64/pci.x86_64.o
 .eh_frame      0x0000000000000000       0xa0 drivers/x86_64/pci.x86_64.o
 .comment       0x0000000000000000       0x1b proc/x86_64/_syscall.x86_64.o
 .eh_frame      0x0000000000000000       0x58 proc/x86_64/_syscall.x86_64.o
 .comment       0x0000000000000000       0x1b proc/x86_64/_proc.x86_64.o
 .eh_frame      0x0000000000000000       0x38 proc/x86_64/_proc.x86_64.o
 .comment       0x0000000000000000       0x1b init/common.x86_64.o
 .eh_frame      0x0000000000000000       0x58 init/common.x86_64.o
 .comment       0x0000000000000000       0x1b kernel/panic.x86_64.o
 .eh_frame      0x0000000000000000       0x38 kernel/panic.x86_64.o
 .comment       0x0000000000000000       0x1b kernel/thread.x86_64.o
 .eh_frame      0x0000000000000000      0x158 kernel/thread.x86_64.o
 .comment       0x0000000000000000       0x1b kernel/scheduler.x86_64.o
 .eh_frame      0x0000000000000000       0xb8 kernel/scheduler.x86_64.o
 .comment       0x0000000000000000       0x1b kernel/sleepq.x86_64.o
 .eh_frame      0x0000000000000000       0x98 kernel/sleepq.x86_64.o
 .comment       0x0000000000000000       0x1b kernel/semaphore.x86_64.o
 .eh_frame      0x0000000000000000       0xb8 kernel/semaphore.x86_64.o
 .comment       0x0000000000000000       0x1b kernel/halt.x86_64.o
 .eh_frame      0x0000000000000000       0x38 kernel/halt.x86_64.o
 .comment       0x0000000000000000       0x1b kernel/stalloc.x86_64.o
 .eh_frame      0x0000000000000000       0x78 kernel/stalloc.x86_64.o
 .comment       0x0000000000000000       0x1b kernel/klock.x86_64.o
 .eh_frame      0x0000000000000000       0x78 kernel/klock.x86_64.o
 .comment       0x0000000000000000       0x1b lib/libc.x86_64.o
 .eh_frame      0x0000000000000000      0x1f8 lib/libc.x86_64.o
 .comment       0x0000000000000000       0x1b lib/xprintf.x86_64.o
 .eh_frame      0x0000000000000000      0x118 lib/xprintf.x86_64.o
 .comment       0x0000000000000000       0x1b lib/bitmap.x86_64.o
 .eh_frame      0x0000000000000000       0xb8 lib/bitmap.x86_64.o
 .comment       0x0000000000000000       0x1b lib/debug.x86_64.o
 .eh_frame      0x0000000000000000       0x38 lib/debug.x86_64.o
 .comment       0x0000000000000000       0x1b drivers/bootargs.x86_64.o
 .eh_frame      0x0000000000000000       0x78 drivers/bootargs.x86_64.o
 .comment       0x0000000000000000       0x1b drivers/disksched.x86_64.o
 .eh_frame      0x0000000000000000       0x38 drivers/disksched.x86_64.o
 .comment       0x0000000000000000       0x1b drivers/timer.x86_64.o
 .eh_frame      0x0000000000000000       0x38 drivers/timer.x86_64.o
 .comment       0x0000000000000000       0x1b drivers/modules.x86_64.o
 .eh_frame      0x0000000000000000       0x38 drivers/modules.x86_64.o
 .comment       0x0000000000000000       0x1b proc/elf.x86_64.o
 .eh_frame      0x0000000000000000       0x38 proc/elf.x86_64.o
 .comment       0x0000000000000000       0x1b proc/syscall.x86_64.o
 .eh_frame      0x0000000000000000       0x38 proc/syscall.x86_64.o
 .comment       0x0000000000000000       0x1b proc/process.x86_64.o
 .eh_frame      0x0000000000000000      0x200 proc/process.x86_64.o
 .comment       0x0000000000000000       0x1b proc/fdt.x86_64.o
 .eh_frame      0x0000000000000000       0xb8 proc/fdt.x86_64.o
 .comment       0x0000000000000000       0x1b fs/vfs.x86_64.o
 .eh_frame      0x0000000000000000      0x2b8 fs/vfs.x86_64.o
 .comment       0x0000000000000000       0x1b fs/tfs.x86_64.o
 .eh_frame      0x0000000000000000      0x198 fs/tfs.x86_64.o
 .comment       0x0000000000000000       0x1b fs/filesystems.x86_64.o
 .eh_frame      0x0000000000000000       0x78 fs/filesystems.x86_64.o
 .comment       0x0000000000000000       0x1b lib/gcc/divdi3.x86_64.o
 .eh_frame      0x0000000000000000       0x38 lib/gcc/divdi3.x86_64.o
 .comment       0x0000000000000000       0x1b lib/gcc/qdivrem.x86_64.o
 .eh_frame      0x0000000000000000       0x58 lib/gcc/qdivrem.x86_64.o
 .comment       0x0000000000000000       0x1b lib/gcc/udivdi3.x86_64.o
 .eh_frame      0x0000000000000000       0x38 lib/gcc/udivdi3.x86_64.o
 .comment       0x0000000000000000       0x1b lib/gcc/umoddi3.x86_64.o
 .eh_frame      0x0000000000000000       0x38 lib/gcc/umoddi3.x86_64.o

Memory Configuration

Name             Origin             Length             Attributes
*default*        0x0000000000000000 0xffffffffffffffff

Linker script and memory map

                0x0000000000100000                phys = 0x100000

.text           0x0000000000100000    0x16000
                0x0000000000100000                code = .
 *(.boot*)
 .boot          0x0000000000100000       0x20 init/x86_64/_boot.x86_64.o
 *(.text*)
 .text          0x0000000000100020     0x41e0 init/x86_64/_boot.x86_64.o
                0x000000000010007a                _start
 .text          0x0000000000104200      0x236 kernel/x86_64/_irq.x86_64.o
                0x0000000000104200                isr_default_handler
                0x0000000000104202                _interrupt_yield
                0x0000000000104205                _idle_thread_wait_loop
                0x0000000000104208                _timer_set_ticks
                0x0000000000104209                __enable_irq
                0x000000000010420b                __disable_irq
                0x000000000010420d                __getflags
                0x0000000000104210                yield_irq_handler
                0x00000000001042d7                IsrCommon
                0x0000000000104390                isr_handler0
                0x0000000000104399                isr_handler1
                0x00000000001043a2                isr_handler2
                0x00000000001043ab                isr_handler3
                0x00000000001043b4                isr_handler4
                0x00000000001043bd                isr_handler5
                0x00000000001043c6                isr_handler6
                0x00000000001043cf                isr_handler7
                0x00000000001043d8                isr_handler8
                0x00000000001043df                isr_handler9
                0x00000000001043e8                isr_handler10
                0x00000000001043ef                isr_handler11
                0x00000000001043f6                isr_handler12
                0x00000000001043fd                isr_handler13
                0x0000000000104404                isr_handler14
                0x000000000010440b                isr_handler15
                0x0000000000104414                isr_handler16
                0x000000000010441d                isr_handler17
                0x0000000000104424                isr_handler18
                0x000000000010442d                isr_handler19
 .text          0x0000000000104436       0x16 kernel/x86_64/spinlock.x86_64.o
                0x0000000000104436                spinlock_acquire
 .text          0x000000000010444c       0x20 lib/x86_64/_asm.x86_64.o
                0x000000000010444c                _inb
                0x0000000000104459                _outb
                0x000000000010446b                __stack_chk_fail
 .text          0x000000000010446c       0xd2 drivers/x86_64/_timer.x86_64.o
                0x000000000010446c                pit_irq_handler
 .text          0x000000000010453e       0xc1 drivers/x86_64/_kb.x86_64.o
                0x000000000010453e                _keyboard_wait
                0x0000000000104541                keyboard_irq_handler
 .text          0x00000000001045ff      0x172 drivers/x86_64/_disk.x86_64.o
                0x00000000001045ff                ide_irq_handler0
                0x00000000001046b8                ide_irq_handler1
 .text          0x0000000000104771       0xc0 proc/x86_64/_sys.x86_64.o
                0x0000000000104771                syscall_irq_handler
 .text          0x0000000000104831      0x443 init/x86_64/main.x86_64.o
                0x0000000000104831                init
 .text          0x0000000000104c74       0x32 kernel/x86_64/_spinlock.x86_64.o
                0x0000000000104c74                spinlock_reset
                0x0000000000104c8d                spinlock_release
 .text          0x0000000000104ca6      0x60c kernel/x86_64/cswitch.x86_64.o
                0x0000000000104ca6                _context_init
                0x0000000000104edb                _context_enter_userland
                0x0000000000105107                _context_set_ip
                0x0000000000105126                _context_enable_ints
                0x000000000010518f                _context_set_sp
                0x00000000001051ad                task_switch
 .text          0x00000000001052b2      0x4c3 kernel/x86_64/interrupt.x86_64.o
                0x00000000001052b2                _interrupt_disable
                0x00000000001052da                _interrupt_enable
                0x0000000000105302                _interrupt_set_state
                0x000000000010532f                _interrupt_get_state
                0x0000000000105360                _interrupt_is_disabled
                0x000000000010537a                interrupt_init
                0x000000000010542a                interrupt_register
                0x0000000000105463                interrupt_handle
 .text          0x0000000000105775       0x4e kernel/x86_64/stubs.x86_64.o
                0x0000000000105775                _interrupt_getcpu
                0x0000000000105780                shutdown
 .text          0x00000000001057c3      0x395 kernel/x86_64/gdt.x86_64.o
                0x00000000001057c3                gdt_init
                0x00000000001058ee                gdt_install_descriptor
                0x0000000000105a5b                gdt_install_tss
 .text          0x0000000000105b58      0x19d kernel/x86_64/idt.x86_64.o
                0x0000000000105b58                idt_init
                0x0000000000105bd6                idt_install_gate
 .text          0x0000000000105cf5      0x2eb kernel/x86_64/exception.x86_64.o
                0x0000000000105cf5                exception_init
 .text          0x0000000000105fe0      0x302 kernel/x86_64/pic.x86_64.o
                0x0000000000105fe0                pic_sendcommand
                0x000000000010602b                pic_senddata
                0x0000000000106076                pic_getdata
                0x00000000001060ba                pic_init
                0x00000000001061ce                pic_maskinterrupt
                0x0000000000106236                pic_unmaskinterrupt
                0x00000000001062a0                pic_eoi
 .text          0x00000000001062e2      0x1bf kernel/x86_64/tss.x86_64.o
                0x00000000001062e2                tss_flush
                0x00000000001062fa                tss_init
                0x0000000000106321                tss_install
                0x000000000010642b                tss_setstack
                0x0000000000106466                tss_setuserstack
 .text          0x00000000001064a1      0xadd vm/x86_64/mm_phys.x86_64.o
                0x00000000001064a1                memmap_setbit
                0x000000000010651b                memmap_unsetbit
                0x0000000000106597                memmap_testbit
                0x00000000001065f2                physmem_freeregion
                0x00000000001066ac                physmem_getframe
                0x000000000010676d                physmem_getframes
                0x00000000001068c9                physmem_init
                0x0000000000106b45                physmem_allocblock
                0x0000000000106c91                physmem_freeblock
                0x0000000000106d3d                physmem_allocblocks
                0x0000000000106eae                physmem_freeblocks
 .text          0x0000000000106f7e      0x97b vm/x86_64/mm_virt.x86_64.o
                0x0000000000106f7e                ptmap_setbit
                0x0000000000106fea                ptmap_unsetbit
                0x0000000000107058                ptmap_testbit
                0x00000000001070ad                vmm_cleartable
                0x00000000001070e0                vmm_setattribute
                0x0000000000107108                vmm_setframe
                0x0000000000107135                vmm_get_kernel_pml4
                0x0000000000107148                vmm_new_pagetable
                0x00000000001071e7                vmm_install_ptable
                0x000000000010721e                vmm_reloadcr3
                0x000000000010722b                vmm_setcr3
                0x0000000000107241                vmm_invalidatepage
                0x0000000000107257                vmm_getptable
                0x00000000001072a7                vmm_getpdir
                0x00000000001072f7                vmm_getpdp
                0x0000000000107347                vm_init
                0x000000000010748a                kmalloc
                0x00000000001075c2                vm_map
                0x00000000001077eb                vm_unmap
                0x00000000001077fe                vm_create_pagetable
                0x0000000000107849                vm_destroy_pagetable
                0x00000000001078ee                _tlb_get_maxindex
 .text          0x00000000001078f9       0xd8 lib/x86_64/asm.x86_64.o
                0x00000000001078f9                _outl
                0x0000000000107915                _inw
                0x000000000010793b                _inl
                0x000000000010795f                _insw
                0x0000000000107998                _outsw
 .text          0x00000000001079d1       0x61 lib/x86_64/srand.x86_64.o
                0x00000000001079d1                _set_rand_seed
                0x00000000001079ee                _get_rand
 .text          0x0000000000107a32       0xbd drivers/x86_64/polltty.x86_64.o
                0x0000000000107a32                polltty_init
                0x0000000000107a95                polltty_getchar
                0x0000000000107aaf                polltty_putchar
 .text          0x0000000000107aef      0x511 drivers/x86_64/tty.x86_64.o
                0x0000000000107aef                tty_init
                0x0000000000107c76                tty_write
                0x0000000000107f76                tty_read
 .text          0x0000000000108000      0x150 drivers/x86_64/device.x86_64.o
                0x0000000000108000                device_init
                0x000000000010807a                device_get
                0x00000000001080e9                device_register
 .text          0x0000000000108150      0x1d9 drivers/x86_64/pit.x86_64.o
                0x0000000000108150                pit_send_data
                0x000000000010819f                pit_send_command
                0x00000000001081c6                pit_start_counter
                0x0000000000108259                pit_init
                0x000000000010829b                get_clock
                0x00000000001082ad                pit_sleepms
 .text          0x0000000000108329      0x677 drivers/x86_64/keyboard.x86_64.o
                0x0000000000108329                keyboard_getstatus
                0x0000000000108340                keyboard_test
                0x000000000010837e                keyboard_sendencoder
                0x0000000000108407                keyboard_readdata
                0x0000000000108447                keyboard_updateLED
                0x00000000001084e5                keyboard_key_int
                0x00000000001086cd                keyboard_discardkey
                0x00000000001086e4                keyboard_init
                0x00000000001087fb                keyboard_getlastkey
                0x000000000010880d                keyboard_getkey
                0x0000000000108851                keyboard_waitkey
                0x0000000000108933                keyboard_notify
 .text          0x00000000001089a0     0x1731 drivers/x86_64/disk.x86_64.o
                0x00000000001089a0                ide_write
                0x0000000000108b97                ide_read
                0x0000000000108d85                ide_delay
                0x0000000000108df1                disk_init
                0x0000000000109922                ide_get_sectorsize
                0x000000000010997f                ide_get_sectorcount
                0x00000000001099cf                ide_wait
                0x0000000000109ab9                ide_pio_readwrite
                0x0000000000109ecd                ide_read_block
                0x0000000000109fcf                ide_write_block
 .text          0x000000000010a0d1       0x12 drivers/x86_64/metadev.x86_64.o
                0x000000000010a0d1                rtc_get_msec
 .text          0x000000000010a0e3      0x456 drivers/x86_64/pci.x86_64.o
                0x000000000010a0e3                pci_read_dword
                0x000000000010a154                get_pci_config
                0x000000000010a385                pci_find_module
                0x000000000010a3f9                pci_init
 .text          0x000000000010a539       0x74 proc/x86_64/_syscall.x86_64.o
                0x000000000010a539                syscall_init
                0x000000000010a565                syscall_handle
 .text          0x000000000010a5ad       0x78 proc/x86_64/_proc.x86_64.o
                0x000000000010a5ad                process_set_pagetable
 .text          0x000000000010a625      0x39b init/common.x86_64.o
                0x000000000010a625                init_startup_fallback
                0x000000000010a855                init_startup_thread
 .text          0x000000000010a9c0       0x71 kernel/panic.x86_64.o
                0x000000000010a9c0                _kernel_panic
 .text          0x000000000010aa31      0x78d kernel/thread.x86_64.o
                0x000000000010aa31                thread_table_init
                0x000000000010ac2f                thread_create
                0x000000000010af30                thread_run
                0x000000000010af4f                thread_switch
                0x000000000010af86                thread_get_current_thread
                0x000000000010afd4                thread_get_thread_entry
                0x000000000010affa                thread_get_current_thread_entry
                0x000000000010b056                thread_goto_userland
                0x000000000010b09d                thread_finish
                0x000000000010b191                thread_sleep_forever
 .text          0x000000000010b1be      0x40c kernel/scheduler.x86_64.o
                0x000000000010b1be                scheduler_init
                0x000000000010b1f3                scheduler_add_to_ready_list
                0x000000000010b405                scheduler_add_ready
                0x000000000010b479                scheduler_schedule
 .text          0x000000000010b5ca      0x6b0 kernel/sleepq.x86_64.o
                0x000000000010b5ca                sleepq_init
                0x000000000010b615                sleepq_add
                0x000000000010b7ba                sleepq_wake
                0x000000000010b9f7                sleepq_wake_all
 .text          0x000000000010bc7a      0x365 kernel/semaphore.x86_64.o
                0x000000000010bc7a                semaphore_init
                0x000000000010bcd8                semaphore_create
                0x000000000010be9c                semaphore_destroy
                0x000000000010beb6                semaphore_P
                0x000000000010bf5b                semaphore_V
 .text          0x000000000010bfdf       0x5a kernel/halt.x86_64.o
                0x000000000010bfdf                halt_kernel
 .text          0x000000000010c039      0x1f8 kernel/stalloc.x86_64.o
                0x000000000010c039                stalloc_disable
                0x000000000010c079                stalloc_init
                0x000000000010c0fb                stalloc
 .text          0x000000000010c231       0x8b kernel/klock.x86_64.o
                0x000000000010c231                klock_init
                0x000000000010c253                klock_lock
                0x000000000010c286                klock_open
 .text          0x000000000010c2bc      0x570 lib/libc.x86_64.o
                0x000000000010c2bc                kwrite
                0x000000000010c2fb                kread
                0x000000000010c361                stringcmp
                0x000000000010c3de                stringcopy
                0x000000000010c45f                memcopy
                0x000000000010c56b                memoryset
                0x000000000010c5b2                atoi
                0x000000000010c6d0                strlen
                0x000000000010c701                swap16
                0x000000000010c724                swap32
                0x000000000010c787                from_big_endian16
                0x000000000010c7a9                from_big_endian32
                0x000000000010c7c7                to_big_endian16
                0x000000000010c7e9                to_big_endian32
                0x000000000010c807                wordpad
 .text          0x000000000010c82c      0xca9 lib/xprintf.x86_64.o
                0x000000000010c82c                kvprintf
                0x000000000010c8ba                kprintf
                0x000000000010c9d0                vsnprintf
                0x000000000010ca0d                snprintf
 .text          0x000000000010d4d5      0x33b lib/bitmap.x86_64.o
                0x000000000010d4d5                bitmap_sizeof
                0x000000000010d4f6                bitmap_init
                0x000000000010d570                bitmap_get
                0x000000000010d5f0                bitmap_set
                0x000000000010d701                bitmap_findnset
 .text          0x000000000010d810       0xc4 lib/debug.x86_64.o
                0x000000000010d810                DEBUG
 .text          0x000000000010d8d4      0x354 drivers/bootargs.x86_64.o
                0x000000000010d926                bootargs_init
                0x000000000010db58                bootargs_get
 .text          0x000000000010dc28       0x59 drivers/disksched.x86_64.o
                0x000000000010dc28                disksched_schedule
 .text          0x000000000010dc81       0x3f drivers/timer.x86_64.o
                0x000000000010dc81                timer_set_ticks
 .text          0x000000000010dcc0       0xbf drivers/modules.x86_64.o
                0x000000000010dcc0                modules_init
 .text          0x000000000010dd7f      0x47e proc/elf.x86_64.o
                0x000000000010dd7f                elf_parse_header
 .text          0x000000000010e1fd      0x18c proc/syscall.x86_64.o
                0x000000000010e1fd                syscall_entry
 .text          0x000000000010e389      0xbc1 proc/process.x86_64.o
                0x000000000010e389                process_reset
                0x000000000010e3cc                process_init
                0x000000000010e411                alloc_process_id
                0x000000000010e503                setup_new_process
                0x000000000010e9ec                process_start
                0x000000000010eae2                process_spawn
                0x000000000010ebb2                process_get_current_process
                0x000000000010ebc7                process_get_current_process_entry
                0x000000000010ecc5                process_read
                0x000000000010ed31                process_write
                0x000000000010ed9d                process_exit
                0x000000000010ee15                get_process_from_pid
                0x000000000010ee70                process_join
 .text          0x000000000010ef4a      0x36c proc/fdt.x86_64.o
                0x000000000010ef4a                fdt_init
                0x000000000010f04f                fdt_alloc
                0x000000000010f0f3                fdt_open
                0x000000000010f20c                fdt_read
                0x000000000010f261                fdt_write
 .text          0x000000000010f2b6     0x1c58 fs/vfs.x86_64.o
                0x000000000010f2b6                vfs_init
                0x000000000010f449                vfs_deinit
                0x000000000010f6d2                vfs_mount_fs
                0x000000000010f801                vfs_mount_all
                0x000000000010fb84                vfs_mount
                0x000000000010fdee                vfs_unmount
                0x0000000000110032                vfs_open
                0x000000000011039b                vfs_close
                0x0000000000110485                vfs_seek
                0x000000000011055b                vfs_read
                0x000000000011067d                vfs_write
                0x000000000011079f                vfs_create
                0x00000000001108dd                vfs_remove
                0x0000000000110a08                vfs_getfree
                0x0000000000110aef                vfs_filecount
                0x0000000000110cb8                vfs_file
 .text          0x0000000000110f0e     0x1c02 fs/tfs.x86_64.o
                0x0000000000110f0e                tfs_init
                0x0000000000111241                tfs_unmount
                0x000000000011128d                tfs_open
                0x000000000011141a                tfs_close
                0x0000000000111430                tfs_create
                0x0000000000111a51                tfs_remove
                0x0000000000111e6a                tfs_read
                0x000000000011224a                tfs_write
                0x0000000000112759                tfs_getfree
                0x0000000000112856                tfs_filecount
                0x0000000000112975                tfs_file
 .text          0x0000000000112b10      0x4cb fs/filesystems.x86_64.o
                0x0000000000112b10                get_partition
                0x0000000000112c2f                read_extended_partition_table
                0x0000000000112db8                filesystems_try_all
 .text          0x0000000000112fdb       0x78 lib/gcc/divdi3.x86_64.o
                0x0000000000112fdb                __divdi3
 .text          0x0000000000113053      0x7e1 lib/gcc/qdivrem.x86_64.o
                0x0000000000113053                __qdivrem
 .text          0x0000000000113834       0x31 lib/gcc/udivdi3.x86_64.o
                0x0000000000113834                __udivdi3
 .text          0x0000000000113865       0x34 lib/gcc/umoddi3.x86_64.o
                0x0000000000113865                __umoddi3
 *(.rodata*)
 *fill*         0x0000000000113899        0x7 
 .rodata        0x00000000001138a0      0x3ab init/x86_64/main.x86_64.o
 *fill*         0x0000000000113c4b        0x5 
 .rodata        0x0000000000113c50      0x2b0 kernel/x86_64/interrupt.x86_64.o
 .rodata        0x0000000000113f00       0x61 kernel/x86_64/stubs.x86_64.o
 *fill*         0x0000000000113f61        0x7 
 .rodata        0x0000000000113f68       0x76 vm/x86_64/mm_phys.x86_64.o
 *fill*         0x0000000000113fde        0x2 
 .rodata        0x0000000000113fe0       0xa1 vm/x86_64/mm_virt.x86_64.o
 *fill*         0x0000000000114081        0x7 
 .rodata        0x0000000000114088       0x3e drivers/x86_64/tty.x86_64.o
 *fill*         0x00000000001140c6       0x1a 
 .rodata        0x00000000001140e0      0x208 drivers/x86_64/keyboard.x86_64.o
 .rodata        0x00000000001142e8       0x17 drivers/x86_64/disk.x86_64.o
 *fill*         0x00000000001142ff        0x1 
 .rodata        0x0000000000114300      0x34b drivers/x86_64/pci.x86_64.o
 *fill*         0x000000000011464b        0x5 
 .rodata        0x0000000000114650      0x1ba init/common.x86_64.o
 *fill*         0x000000000011480a        0x6 
 .rodata        0x0000000000114810       0x26 kernel/panic.x86_64.o
 *fill*         0x0000000000114836        0x2 
 .rodata        0x0000000000114838       0x7a kernel/thread.x86_64.o
 .rodata        0x00000000001148b2       0x24 kernel/scheduler.x86_64.o
 .rodata        0x00000000001148d6       0x21 kernel/sleepq.x86_64.o
 .rodata        0x00000000001148f7       0x24 kernel/semaphore.x86_64.o
 *fill*         0x000000000011491b        0x5 
 .rodata        0x0000000000114920       0x58 kernel/halt.x86_64.o
 .rodata        0x0000000000114978       0xa8 kernel/stalloc.x86_64.o
 .rodata        0x0000000000114a20      0x200 lib/xprintf.x86_64.o
 .rodata        0x0000000000114c20       0x3a lib/bitmap.x86_64.o
 .rodata        0x0000000000114c5a        0x1 drivers/bootargs.x86_64.o
 *fill*         0x0000000000114c5b        0x5 
 .rodata        0x0000000000114c60       0x59 drivers/modules.x86_64.o
 .rodata        0x0000000000114cb9       0x4e proc/syscall.x86_64.o
 .rodata        0x0000000000114d07       0x39 proc/process.x86_64.o
 .rodata        0x0000000000114d40      0x2f5 fs/vfs.x86_64.o
 *fill*         0x0000000000115035        0x3 
 .rodata        0x0000000000115038       0xd8 fs/tfs.x86_64.o
 .rodata        0x0000000000115110       0xa8 fs/filesystems.x86_64.o
                0x0000000000116000                . = ALIGN (0x1000)
 *fill*         0x00000000001151b8      0xe48 
                0x0000000000116000                __modules_start = .

.rela.dyn       0x0000000000116000        0x0
 .rela.text     0x0000000000116000        0x0 init/x86_64/_boot.x86_64.o

modules_ptr     0x0000000000116000       0x40
 *(modules_ptr)
 modules_ptr    0x0000000000116000       0x20 drivers/x86_64/disk.x86_64.o
 modules_ptr    0x0000000000116020       0x20 drivers/x86_64/pci.x86_64.o
                0x0000000000116040                __modules_end = .

real_modules_ptr
                0x0000000000116040       0x18
 *(real_modules_ptr)
 real_modules_ptr
                0x0000000000116040       0x10 drivers/x86_64/disk.x86_64.o
 real_modules_ptr
                0x0000000000116050        0x8 drivers/x86_64/pci.x86_64.o

.data           0x0000000000116060      0xfa0
                0x0000000000116060                data = .
 *(.data*)
 .data          0x0000000000116060        0x0 init/x86_64/_boot.x86_64.o
 .data          0x0000000000116060        0x0 kernel/x86_64/_irq.x86_64.o
 .data          0x0000000000116060        0x0 kernel/x86_64/spinlock.x86_64.o
 .data          0x0000000000116060        0x0 lib/x86_64/_asm.x86_64.o
 .data          0x0000000000116060        0x0 drivers/x86_64/_timer.x86_64.o
 .data          0x0000000000116060        0x0 drivers/x86_64/_kb.x86_64.o
 .data          0x0000000000116060        0x0 drivers/x86_64/_disk.x86_64.o
 .data          0x0000000000116060        0x0 proc/x86_64/_sys.x86_64.o
 .data          0x0000000000116060        0x0 init/x86_64/main.x86_64.o
 .data          0x0000000000116060        0x0 kernel/x86_64/_spinlock.x86_64.o
 .data          0x0000000000116060        0x0 kernel/x86_64/cswitch.x86_64.o
 .data          0x0000000000116060        0x8 kernel/x86_64/interrupt.x86_64.o
                0x0000000000116060                init_stack
 .data          0x0000000000116068        0x0 kernel/x86_64/stubs.x86_64.o
 .data          0x0000000000116068        0x0 kernel/x86_64/gdt.x86_64.o
 .data          0x0000000000116068        0x0 kernel/x86_64/idt.x86_64.o
 .data          0x0000000000116068        0x0 kernel/x86_64/exception.x86_64.o
 .data          0x0000000000116068        0x0 kernel/x86_64/pic.x86_64.o
 .data          0x0000000000116068        0x0 kernel/x86_64/tss.x86_64.o
 .data          0x0000000000116068        0x0 vm/x86_64/mm_phys.x86_64.o
 .data          0x0000000000116068        0x0 vm/x86_64/mm_virt.x86_64.o
 .data          0x0000000000116068        0x0 lib/x86_64/asm.x86_64.o
 .data          0x0000000000116068        0x4 lib/x86_64/srand.x86_64.o
 .data          0x000000000011606c        0x0 drivers/x86_64/polltty.x86_64.o
 .data          0x000000000011606c        0x0 drivers/x86_64/tty.x86_64.o
 .data          0x000000000011606c        0x0 drivers/x86_64/device.x86_64.o
 .data          0x000000000011606c        0x0 drivers/x86_64/pit.x86_64.o
 .data          0x000000000011606c        0x0 drivers/x86_64/keyboard.x86_64.o
 .data          0x000000000011606c        0x0 drivers/x86_64/disk.x86_64.o
 .data          0x000000000011606c        0x0 drivers/x86_64/metadev.x86_64.o
 *fill*         0x000000000011606c       0x14 
 .data          0x0000000000116080      0x3e0 drivers/x86_64/pci.x86_64.o
 .data          0x0000000000116460        0x0 proc/x86_64/_syscall.x86_64.o
 .data          0x0000000000116460        0x0 proc/x86_64/_proc.x86_64.o
 .data          0x0000000000116460        0x0 init/common.x86_64.o
 .data          0x0000000000116460        0x0 kernel/panic.x86_64.o
 .data          0x0000000000116460        0x0 kernel/thread.x86_64.o
 .data          0x0000000000116460        0x8 kernel/scheduler.x86_64.o
 .data          0x0000000000116468        0x0 kernel/sleepq.x86_64.o
 .data          0x0000000000116468        0x0 kernel/semaphore.x86_64.o
 .data          0x0000000000116468        0x0 kernel/halt.x86_64.o
 .data          0x0000000000116468        0x0 kernel/stalloc.x86_64.o
 .data          0x0000000000116468        0x0 kernel/klock.x86_64.o
 .data          0x0000000000116468        0x0 lib/libc.x86_64.o
 .data          0x0000000000116468        0x0 lib/xprintf.x86_64.o
 .data          0x0000000000116468        0x0 lib/bitmap.x86_64.o
 .data          0x0000000000116468        0x0 lib/debug.x86_64.o
 .data          0x0000000000116468        0x0 drivers/bootargs.x86_64.o
 .data          0x0000000000116468        0x0 drivers/disksched.x86_64.o
 .data          0x0000000000116468        0x0 drivers/timer.x86_64.o
 .data          0x0000000000116468        0x0 drivers/modules.x86_64.o
 .data          0x0000000000116468        0x0 proc/elf.x86_64.o
 .data          0x0000000000116468        0x0 proc/syscall.x86_64.o
 .data          0x0000000000116468        0x0 proc/process.x86_64.o
 .data          0x0000000000116468        0x0 proc/fdt.x86_64.o
 .data          0x0000000000116468        0x0 fs/vfs.x86_64.o
 .data          0x0000000000116468        0x0 fs/tfs.x86_64.o
 *fill*         0x0000000000116468       0x18 
 .data          0x0000000000116480       0x20 fs/filesystems.x86_64.o
 .data          0x00000000001164a0        0x0 lib/gcc/divdi3.x86_64.o
 .data          0x00000000001164a0        0x4 lib/gcc/qdivrem.x86_64.o
 .data          0x00000000001164a4        0x0 lib/gcc/udivdi3.x86_64.o
 .data          0x00000000001164a4        0x0 lib/gcc/umoddi3.x86_64.o
                [!provide]                        PROVIDE (kernel_symbols_start, .)
                [!provide]                        PROVIDE (kernel_symbols_end, .)
                0x0000000000117000                . = ALIGN (0x1000)
 *fill*         0x00000000001164a4      0xb5c 

.bss            0x0000000000117000   0x470944
                0x0000000000117000                bss = .
 *(.bss*)
 .bss           0x0000000000117000        0x0 init/x86_64/_boot.x86_64.o
 .bss           0x0000000000117000        0x0 kernel/x86_64/_irq.x86_64.o
 .bss           0x0000000000117000        0x0 kernel/x86_64/spinlock.x86_64.o
 .bss           0x0000000000117000        0x0 lib/x86_64/_asm.x86_64.o
 .bss           0x0000000000117000        0x0 drivers/x86_64/_timer.x86_64.o
 .bss           0x0000000000117000        0x0 drivers/x86_64/_kb.x86_64.o
 .bss           0x0000000000117000        0x0 drivers/x86_64/_disk.x86_64.o
 .bss           0x0000000000117000        0x0 proc/x86_64/_sys.x86_64.o
 .bss           0x0000000000117000        0x0 init/x86_64/main.x86_64.o
 .bss           0x0000000000117000        0x0 kernel/x86_64/_spinlock.x86_64.o
 .bss           0x0000000000117000        0x0 kernel/x86_64/cswitch.x86_64.o
 .bss           0x0000000000117000        0x0 kernel/x86_64/interrupt.x86_64.o
 .bss           0x0000000000117000        0x0 kernel/x86_64/stubs.x86_64.o
 .bss           0x0000000000117000       0x90 kernel/x86_64/gdt.x86_64.o
 *fill*         0x0000000000117090       0x10 
 .bss           0x00000000001170a0      0xffa kernel/x86_64/idt.x86_64.o
 .bss           0x000000000011809a        0x0 kernel/x86_64/exception.x86_64.o
 .bss           0x000000000011809a        0x0 kernel/x86_64/pic.x86_64.o
 .bss           0x000000000011809a        0x0 kernel/x86_64/tss.x86_64.o
 .bss           0x000000000011809a        0x0 vm/x86_64/mm_phys.x86_64.o
 *fill*         0x000000000011809a        0x6 
 .bss           0x00000000001180a0        0xc vm/x86_64/mm_virt.x86_64.o
 .bss           0x00000000001180ac        0x0 lib/x86_64/asm.x86_64.o
 .bss           0x00000000001180ac        0x0 lib/x86_64/srand.x86_64.o
 .bss           0x00000000001180ac        0x0 drivers/x86_64/polltty.x86_64.o
 .bss           0x00000000001180ac        0x0 drivers/x86_64/tty.x86_64.o
 *fill*         0x00000000001180ac       0x14 
 .bss           0x00000000001180c0      0x404 drivers/x86_64/device.x86_64.o
 .bss           0x00000000001184c4        0x4 drivers/x86_64/pit.x86_64.o
                0x00000000001184c4                pit_counter
 .bss           0x00000000001184c8        0x6 drivers/x86_64/keyboard.x86_64.o
                0x00000000001184c8                kb_shift
                0x00000000001184c9                kb_alt
                0x00000000001184ca                kb_ctrl
                0x00000000001184cb                kb_numlock
                0x00000000001184cc                kb_capslock
                0x00000000001184cd                kb_scrolllock
 .bss           0x00000000001184ce        0x0 drivers/x86_64/disk.x86_64.o
 .bss           0x00000000001184ce        0x0 drivers/x86_64/metadev.x86_64.o
 .bss           0x00000000001184ce        0x0 drivers/x86_64/pci.x86_64.o
 .bss           0x00000000001184ce        0x0 proc/x86_64/_syscall.x86_64.o
 .bss           0x00000000001184ce        0x0 proc/x86_64/_proc.x86_64.o
 .bss           0x00000000001184ce        0x0 init/common.x86_64.o
 .bss           0x00000000001184ce        0x0 kernel/panic.x86_64.o
 *fill*         0x00000000001184ce        0x2 
 .bss           0x00000000001184d0        0x4 kernel/thread.x86_64.o
 .bss           0x00000000001184d4        0x0 kernel/scheduler.x86_64.o
 *fill*         0x00000000001184d4        0xc 
 .bss           0x00000000001184e0      0x21c kernel/sleepq.x86_64.o
 *fill*         0x00000000001186fc        0x4 
 .bss           0x0000000000118700      0x608 kernel/semaphore.x86_64.o
 .bss           0x0000000000118d08        0x0 kernel/halt.x86_64.o
 .bss           0x0000000000118d08        0x8 kernel/stalloc.x86_64.o
 .bss           0x0000000000118d10        0x0 kernel/klock.x86_64.o
 .bss           0x0000000000118d10        0x0 lib/libc.x86_64.o
 .bss           0x0000000000118d10        0x4 lib/xprintf.x86_64.o
                0x0000000000118d10                kprintf_slock
 .bss           0x0000000000118d14        0x0 lib/bitmap.x86_64.o
 .bss           0x0000000000118d14        0x0 lib/debug.x86_64.o
 *fill*         0x0000000000118d14        0xc 
 .bss           0x0000000000118d20      0x200 drivers/bootargs.x86_64.o
 .bss           0x0000000000118f20        0x0 drivers/disksched.x86_64.o
 .bss           0x0000000000118f20        0x0 drivers/timer.x86_64.o
 .bss           0x0000000000118f20        0x0 drivers/modules.x86_64.o
 .bss           0x0000000000118f20        0x0 proc/elf.x86_64.o
 .bss           0x0000000000118f20        0x0 proc/syscall.x86_64.o
 .bss           0x0000000000118f20        0x0 proc/process.x86_64.o
 .bss           0x0000000000118f20        0x0 proc/fdt.x86_64.o
 .bss           0x0000000000118f20     0x2100 fs/vfs.x86_64.o
 .bss           0x000000000011b020        0x0 fs/tfs.x86_64.o
 .bss           0x000000000011b020        0x0 fs/filesystems.x86_64.o
 .bss           0x000000000011b020        0x0 lib/gcc/divdi3.x86_64.o
 .bss           0x000000000011b020        0x0 lib/gcc/qdivrem.x86_64.o
 .bss           0x000000000011b020        0x0 lib/gcc/udivdi3.x86_64.o
 .bss           0x000000000011b020        0x0 lib/gcc/umoddi3.x86_64.o
                0x000000000011c000                . = ALIGN (0x1000)
 *fill*         0x000000000011b020      0xfe0 
 COMMON         0x000000000011c000      0x1c0 kernel/x86_64/tss.x86_64.o
                0x000000000011c000                tss_descriptors
 COMMON         0x000000000011c1c0       0x38 vm/x86_64/mm_phys.x86_64.o
                0x000000000011c1c0                used_blocks
                0x000000000011c1c8                _mem_bitmap
                0x000000000011c1d0                total_blocks
                0x000000000011c1d8                highest_page
                0x000000000011c1e0                memory_size
                0x000000000011c1e8                bitmap_size
                0x000000000011c1f0                physmem_lock
 *fill*         0x000000000011c1f8      0xe08 
 COMMON         0x000000000011d000   0x401080 vm/x86_64/mm_virt.x86_64.o
                0x000000000011d000                kmalloc_addr
                0x000000000011e000                pt_pool
                0x000000000051e000                pt_bitmap
 COMMON         0x000000000051e080       0x18 drivers/x86_64/polltty.x86_64.o
                0x000000000051e080                polltty_gcd
                0x000000000051e088                tty_dev
                0x000000000051e090                polltty_iobase
 COMMON         0x000000000051e098        0x8 drivers/x86_64/keyboard.x86_64.o
                0x000000000051e098                kb_code
                0x000000000051e09c                kb_slock
 COMMON         0x000000000051e0a0      0x220 drivers/x86_64/disk.x86_64.o
                0x000000000051e0a0                ide_devices
                0x000000000051e140                ide_gbd
                0x000000000051e1e0                ide_channels
                0x000000000051e240                ide_dev
 COMMON         0x000000000051e2c0    0x20840 kernel/thread.x86_64.o
                0x000000000051e2c0                sleep_resource
                0x000000000051e2e0                thread_table
                0x000000000051eae0                thread_table_klock
                0x000000000051eb00                thread_stack_areas
 COMMON         0x000000000053eb00       0x10 kernel/scheduler.x86_64.o
                0x000000000053eb00                scheduler_current_thread
 COMMON         0x000000000053eb10        0x8 kernel/stalloc.x86_64.o
                0x000000000053eb10                stalloced_total
 *fill*         0x000000000053eb18        0x8 
 COMMON         0x000000000053eb20     0x8608 proc/process.x86_64.o
                0x000000000053eb20                process_table
                0x0000000000547120                process_table_lock
                0x0000000000547124                p_slock
 *fill*         0x0000000000547128       0x18 
 COMMON         0x0000000000547140    0x40804 proc/fdt.x86_64.o
                0x0000000000547140                fdts
                0x0000000000587940                fdt_lock
                0x0000000000587944                KERNEL_ENDS_HERE = .

/DISCARD/
 *(.comment)
 *(.eh_frame)
 *(.note.gnu.build-id)
LOAD init/x86_64/_boot.x86_64.o
LOAD kernel/x86_64/_irq.x86_64.o
LOAD kernel/x86_64/spinlock.x86_64.o
LOAD lib/x86_64/_asm.x86_64.o
LOAD drivers/x86_64/_timer.x86_64.o
LOAD drivers/x86_64/_kb.x86_64.o
LOAD drivers/x86_64/_disk.x86_64.o
LOAD proc/x86_64/_sys.x86_64.o
LOAD init/x86_64/main.x86_64.o
LOAD kernel/x86_64/_spinlock.x86_64.o
LOAD kernel/x86_64/cswitch.x86_64.o
LOAD kernel/x86_64/interrupt.x86_64.o
LOAD kernel/x86_64/stubs.x86_64.o
LOAD kernel/x86_64/gdt.x86_64.o
LOAD kernel/x86_64/idt.x86_64.o
LOAD kernel/x86_64/exception.x86_64.o
LOAD kernel/x86_64/pic.x86_64.o
LOAD kernel/x86_64/tss.x86_64.o
LOAD vm/x86_64/mm_phys.x86_64.o
LOAD vm/x86_64/mm_virt.x86_64.o
LOAD lib/x86_64/asm.x86_64.o
LOAD lib/x86_64/srand.x86_64.o
LOAD drivers/x86_64/polltty.x86_64.o
LOAD drivers/x86_64/tty.x86_64.o
LOAD drivers/x86_64/device.x86_64.o
LOAD drivers/x86_64/pit.x86_64.o
LOAD drivers/x86_64/keyboard.x86_64.o
LOAD drivers/x86_64/disk.x86_64.o
LOAD drivers/x86_64/metadev.x86_64.o
LOAD drivers/x86_64/pci.x86_64.o
LOAD proc/x86_64/_syscall.x86_64.o
LOAD proc/x86_64/_proc.x86_64.o
LOAD init/common.x86_64.o
LOAD kernel/panic.x86_64.o
LOAD kernel/thread.x86_64.o
LOAD kernel/scheduler.x86_64.o
LOAD kernel/sleepq.x86_64.o
LOAD kernel/semaphore.x86_64.o
LOAD kernel/halt.x86_64.o
LOAD kernel/stalloc.x86_64.o
LOAD kernel/klock.x86_64.o
LOAD lib/libc.x86_64.o
LOAD lib/xprintf.x86_64.o
LOAD lib/bitmap.x86_64.o
LOAD lib/debug.x86_64.o
LOAD drivers/bootargs.x86_64.o
LOAD drivers/disksched.x86_64.o
LOAD drivers/timer.x86_64.o
LOAD drivers/modules.x86_64.o
LOAD proc/elf.x86_64.o
LOAD proc/syscall.x86_64.o
LOAD proc/process.x86_64.o
LOAD proc/fdt.x86_64.o
LOAD fs/vfs.x86_64.o
LOAD fs/tfs.x86_64.o
LOAD fs/filesystems.x86_64.o
LOAD lib/gcc/divdi3.x86_64.o
LOAD lib/gcc/qdivrem.x86_64.o
LOAD lib/gcc/udivdi3.x86_64.o
LOAD lib/gcc/umoddi3.x86_64.o
OUTPUT(kudos-x86_64 elf64-x86-64)

.debug_info     0x0000000000000000     0xef5f
 .debug_info    0x0000000000000000      0x6ce init/x86_64/main.x86_64.o
 .debug_info    0x00000000000006ce       0x9a kernel/x86_64/_spinlock.x86_64.o
 .debug_info    0x0000000000000768      0x52b kernel/x86_64/cswitch.x86_64.o
 .debug_info    0x0000000000000c93      0x689 kernel/x86_64/interrupt.x86_64.o
 .debug_info    0x000000000000131c       0xe9 kernel/x86_64/stubs.x86_64.o
 .debug_info    0x0000000000001405      0x334 kernel/x86_64/gdt.x86_64.o
 .debug_info    0x0000000000001739      0x237 kernel/x86_64/idt.x86_64.o
 .debug_info    0x0000000000001970      0x1bd kernel/x86_64/exception.x86_64.o
 .debug_info    0x0000000000001b2d      0x379 kernel/x86_64/pic.x86_64.o
 .debug_info    0x0000000000001ea6      0x2a5 kernel/x86_64/tss.x86_64.o
 .debug_info    0x000000000000214b      0xa0d vm/x86_64/mm_phys.x86_64.o
 .debug_info    0x0000000000002b58      0x9bb vm/x86_64/mm_virt.x86_64.o
 .debug_info    0x0000000000003513      0x1da lib/x86_64/asm.x86_64.o
 .debug_info    0x00000000000036ed       0x8f lib/x86_64/srand.x86_64.o
 .debug_info    0x000000000000377c      0x33e drivers/x86_64/polltty.x86_64.o
 .debug_info    0x0000000000003aba      0x601 drivers/x86_64/tty.x86_64.o
 .debug_info    0x00000000000040bb      0x31e drivers/x86_64/device.x86_64.o
 .debug_info    0x00000000000043d9      0x38b drivers/x86_64/pit.x86_64.o
 .debug_info    0x0000000000004764      0x6c1 drivers/x86_64/keyboard.x86_64.o
 .debug_info    0x0000000000004e25      0xf7a drivers/x86_64/disk.x86_64.o
 .debug_info    0x0000000000005d9f       0xc0 drivers/x86_64/metadev.x86_64.o
 .debug_info    0x0000000000005e5f      0x6a1 drivers/x86_64/pci.x86_64.o
 .debug_info    0x0000000000006500      0x240 proc/x86_64/_syscall.x86_64.o
 .debug_info    0x0000000000006740      0x1f3 proc/x86_64/_proc.x86_64.o
 .debug_info    0x0000000000006933      0x44c init/common.x86_64.o
 .debug_info    0x0000000000006d7f      0x13e kernel/panic.x86_64.o
 .debug_info    0x0000000000006ebd      0x7d5 kernel/thread.x86_64.o
 .debug_info    0x0000000000007692      0x51a kernel/scheduler.x86_64.o
 .debug_info    0x0000000000007bac      0x5a0 kernel/sleepq.x86_64.o
 .debug_info    0x000000000000814c      0x3cf kernel/semaphore.x86_64.o
 .debug_info    0x000000000000851b       0xf5 kernel/halt.x86_64.o
 .debug_info    0x0000000000008610      0x16e kernel/stalloc.x86_64.o
 .debug_info    0x000000000000877e      0x1c4 kernel/klock.x86_64.o
 .debug_info    0x0000000000008942      0x581 lib/libc.x86_64.o
 .debug_info    0x0000000000008ec3      0x6f5 lib/xprintf.x86_64.o
 .debug_info    0x00000000000095b8      0x2ae lib/bitmap.x86_64.o
 .debug_info    0x0000000000009866      0x12c lib/debug.x86_64.o
 .debug_info    0x0000000000009992      0x25b drivers/bootargs.x86_64.o
 .debug_info    0x0000000000009bed      0x1d6 drivers/disksched.x86_64.o
 .debug_info    0x0000000000009dc3      0x105 drivers/timer.x86_64.o
 .debug_info    0x0000000000009ec8      0x1a1 drivers/modules.x86_64.o
 .debug_info    0x000000000000a069      0x528 proc/elf.x86_64.o
 .debug_info    0x000000000000a591      0x1f0 proc/syscall.x86_64.o
 .debug_info    0x000000000000a781      0xef7 proc/process.x86_64.o
 .debug_info    0x000000000000b678      0x408 proc/fdt.x86_64.o
 .debug_info    0x000000000000ba80     0x1516 fs/vfs.x86_64.o
 .debug_info    0x000000000000cf96     0x1176 fs/tfs.x86_64.o
 .debug_info    0x000000000000e10c      0x86c fs/filesystems.x86_64.o
 .debug_info    0x000000000000e978       0xee lib/gcc/divdi3.x86_64.o
 .debug_info    0x000000000000ea66      0x391 lib/gcc/qdivrem.x86_64.o
 .debug_info    0x000000000000edf7       0xae lib/gcc/udivdi3.x86_64.o
 .debug_info    0x000000000000eea5       0xba lib/gcc/umoddi3.x86_64.o

.debug_abbrev   0x0000000000000000     0x38e4
 .debug_abbrev  0x0000000000000000      0x137 init/x86_64/main.x86_64.o
 .debug_abbrev  0x0000000000000137       0x76 kernel/x86_64/_spinlock.x86_64.o
 .debug_abbrev  0x00000000000001ad      0x151 kernel/x86_64/cswitch.x86_64.o
 .debug_abbrev  0x00000000000002fe      0x118 kernel/x86_64/interrupt.x86_64.o
 .debug_abbrev  0x0000000000000416       0x89 kernel/x86_64/stubs.x86_64.o
 .debug_abbrev  0x000000000000049f       0xfa kernel/x86_64/gdt.x86_64.o
 .debug_abbrev  0x0000000000000599       0xf3 kernel/x86_64/idt.x86_64.o
 .debug_abbrev  0x000000000000068c       0x80 kernel/x86_64/exception.x86_64.o
 .debug_abbrev  0x000000000000070c       0xdd kernel/x86_64/pic.x86_64.o
 .debug_abbrev  0x00000000000007e9       0xea kernel/x86_64/tss.x86_64.o
 .debug_abbrev  0x00000000000008d3      0x1d8 vm/x86_64/mm_phys.x86_64.o
 .debug_abbrev  0x0000000000000aab      0x209 vm/x86_64/mm_virt.x86_64.o
 .debug_abbrev  0x0000000000000cb4       0xac lib/x86_64/asm.x86_64.o
 .debug_abbrev  0x0000000000000d60       0x6f lib/x86_64/srand.x86_64.o
 .debug_abbrev  0x0000000000000dcf      0x146 drivers/x86_64/polltty.x86_64.o
 .debug_abbrev  0x0000000000000f15      0x143 drivers/x86_64/tty.x86_64.o
 .debug_abbrev  0x0000000000001058      0x14a drivers/x86_64/device.x86_64.o
 .debug_abbrev  0x00000000000011a2      0x161 drivers/x86_64/pit.x86_64.o
 .debug_abbrev  0x0000000000001303      0x1fb drivers/x86_64/keyboard.x86_64.o
 .debug_abbrev  0x00000000000014fe      0x1de drivers/x86_64/disk.x86_64.o
 .debug_abbrev  0x00000000000016dc       0x6f drivers/x86_64/metadev.x86_64.o
 .debug_abbrev  0x000000000000174b      0x171 drivers/x86_64/pci.x86_64.o
 .debug_abbrev  0x00000000000018bc       0xb9 proc/x86_64/_syscall.x86_64.o
 .debug_abbrev  0x0000000000001975       0xd3 proc/x86_64/_proc.x86_64.o
 .debug_abbrev  0x0000000000001a48      0x123 init/common.x86_64.o
 .debug_abbrev  0x0000000000001b6b       0x87 kernel/panic.x86_64.o
 .debug_abbrev  0x0000000000001bf2      0x201 kernel/thread.x86_64.o
 .debug_abbrev  0x0000000000001df3      0x16f kernel/scheduler.x86_64.o
 .debug_abbrev  0x0000000000001f62      0x142 kernel/sleepq.x86_64.o
 .debug_abbrev  0x00000000000020a4       0xfc kernel/semaphore.x86_64.o
 .debug_abbrev  0x00000000000021a0       0x60 kernel/halt.x86_64.o
 .debug_abbrev  0x0000000000002200       0xf5 kernel/stalloc.x86_64.o
 .debug_abbrev  0x00000000000022f5       0xbf kernel/klock.x86_64.o
 .debug_abbrev  0x00000000000023b4      0x133 lib/libc.x86_64.o
 .debug_abbrev  0x00000000000024e7      0x145 lib/xprintf.x86_64.o
 .debug_abbrev  0x000000000000262c       0xd9 lib/bitmap.x86_64.o
 .debug_abbrev  0x0000000000002705       0xaf lib/debug.x86_64.o
 .debug_abbrev  0x00000000000027b4      0x138 drivers/bootargs.x86_64.o
 .debug_abbrev  0x00000000000028ec       0xd8 drivers/disksched.x86_64.o
 .debug_abbrev  0x00000000000029c4       0x8b drivers/timer.x86_64.o
 .debug_abbrev  0x0000000000002a4f       0xf9 drivers/modules.x86_64.o
 .debug_abbrev  0x0000000000002b48       0xfc proc/elf.x86_64.o
 .debug_abbrev  0x0000000000002c44       0xae proc/syscall.x86_64.o
 .debug_abbrev  0x0000000000002cf2      0x26e proc/process.x86_64.o
 .debug_abbrev  0x0000000000002f60      0x152 proc/fdt.x86_64.o
 .debug_abbrev  0x00000000000030b2      0x24d fs/vfs.x86_64.o
 .debug_abbrev  0x00000000000032ff      0x1b2 fs/tfs.x86_64.o
 .debug_abbrev  0x00000000000034b1      0x16d fs/filesystems.x86_64.o
 .debug_abbrev  0x000000000000361e       0x8d lib/gcc/divdi3.x86_64.o
 .debug_abbrev  0x00000000000036ab      0x12e lib/gcc/qdivrem.x86_64.o
 .debug_abbrev  0x00000000000037d9       0x7e lib/gcc/udivdi3.x86_64.o
 .debug_abbrev  0x0000000000003857       0x8d lib/gcc/umoddi3.x86_64.o

.debug_aranges  0x0000000000000000      0x9c0
 .debug_aranges
                0x0000000000000000       0x30 init/x86_64/main.x86_64.o
 .debug_aranges
                0x0000000000000030       0x30 kernel/x86_64/_spinlock.x86_64.o
 .debug_aranges
                0x0000000000000060       0x30 kernel/x86_64/cswitch.x86_64.o
 .debug_aranges
                0x0000000000000090       0x30 kernel/x86_64/interrupt.x86_64.o
 .debug_aranges
                0x00000000000000c0       0x30 kernel/x86_64/stubs.x86_64.o
 .debug_aranges
                0x00000000000000f0       0x30 kernel/x86_64/gdt.x86_64.o
 .debug_aranges
                0x0000000000000120       0x30 kernel/x86_64/idt.x86_64.o
 .debug_aranges
                0x0000000000000150       0x30 kernel/x86_64/exception.x86_64.o
 .debug_aranges
                0x0000000000000180       0x30 kernel/x86_64/pic.x86_64.o
 .debug_aranges
                0x00000000000001b0       0x30 kernel/x86_64/tss.x86_64.o
 .debug_aranges
                0x00000000000001e0       0x30 vm/x86_64/mm_phys.x86_64.o
 .debug_aranges
                0x0000000000000210       0x30 vm/x86_64/mm_virt.x86_64.o
 .debug_aranges
                0x0000000000000240       0x30 lib/x86_64/asm.x86_64.o
 .debug_aranges
                0x0000000000000270       0x30 lib/x86_64/srand.x86_64.o
 .debug_aranges
                0x00000000000002a0       0x30 drivers/x86_64/polltty.x86_64.o
 .debug_aranges
                0x00000000000002d0       0x30 drivers/x86_64/tty.x86_64.o
 .debug_aranges
                0x0000000000000300       0x30 drivers/x86_64/device.x86_64.o
 .debug_aranges
                0x0000000000000330       0x30 drivers/x86_64/pit.x86_64.o
 .debug_aranges
                0x0000000000000360       0x30 drivers/x86_64/keyboard.x86_64.o
 .debug_aranges
                0x0000000000000390       0x30 drivers/x86_64/disk.x86_64.o
 .debug_aranges
                0x00000000000003c0       0x30 drivers/x86_64/metadev.x86_64.o
 .debug_aranges
                0x00000000000003f0       0x30 drivers/x86_64/pci.x86_64.o
 .debug_aranges
                0x0000000000000420       0x30 proc/x86_64/_syscall.x86_64.o
 .debug_aranges
                0x0000000000000450       0x30 proc/x86_64/_proc.x86_64.o
 .debug_aranges
                0x0000000000000480       0x30 init/common.x86_64.o
 .debug_aranges
                0x00000000000004b0       0x30 kernel/panic.x86_64.o
 .debug_aranges
                0x00000000000004e0       0x30 kernel/thread.x86_64.o
 .debug_aranges
                0x0000000000000510       0x30 kernel/scheduler.x86_64.o
 .debug_aranges
                0x0000000000000540       0x30 kernel/sleepq.x86_64.o
 .debug_aranges
                0x0000000000000570       0x30 kernel/semaphore.x86_64.o
 .debug_aranges
                0x00000000000005a0       0x30 kernel/halt.x86_64.o
 .debug_aranges
                0x00000000000005d0       0x30 kernel/stalloc.x86_64.o
 .debug_aranges
                0x0000000000000600       0x30 kernel/klock.x86_64.o
 .debug_aranges
                0x0000000000000630       0x30 lib/libc.x86_64.o
 .debug_aranges
                0x0000000000000660       0x30 lib/xprintf.x86_64.o
 .debug_aranges
                0x0000000000000690       0x30 lib/bitmap.x86_64.o
 .debug_aranges
                0x00000000000006c0       0x30 lib/debug.x86_64.o
 .debug_aranges
                0x00000000000006f0       0x30 drivers/bootargs.x86_64.o
 .debug_aranges
                0x0000000000000720       0x30 drivers/disksched.x86_64.o
 .debug_aranges
                0x0000000000000750       0x30 drivers/timer.x86_64.o
 .debug_aranges
                0x0000000000000780       0x30 drivers/modules.x86_64.o
 .debug_aranges
                0x00000000000007b0       0x30 proc/elf.x86_64.o
 .debug_aranges
                0x00000000000007e0       0x30 proc/syscall.x86_64.o
 .debug_aranges
                0x0000000000000810       0x30 proc/process.x86_64.o
 .debug_aranges
                0x0000000000000840       0x30 proc/fdt.x86_64.o
 .debug_aranges
                0x0000000000000870       0x30 fs/vfs.x86_64.o
 .debug_aranges
                0x00000000000008a0       0x30 fs/tfs.x86_64.o
 .debug_aranges
                0x00000000000008d0       0x30 fs/filesystems.x86_64.o
 .debug_aranges
                0x0000000000000900       0x30 lib/gcc/divdi3.x86_64.o
 .debug_aranges
                0x0000000000000930       0x30 lib/gcc/qdivrem.x86_64.o
 .debug_aranges
                0x0000000000000960       0x30 lib/gcc/udivdi3.x86_64.o
 .debug_aranges
                0x0000000000000990       0x30 lib/gcc/umoddi3.x86_64.o

.debug_line     0x0000000000000000     0x44e1
 .debug_line    0x0000000000000000      0x19d init/x86_64/main.x86_64.o
 .debug_line    0x000000000000019d       0x67 kernel/x86_64/_spinlock.x86_64.o
 .debug_line    0x0000000000000204      0x19a kernel/x86_64/cswitch.x86_64.o
 .debug_line    0x000000000000039e      0x16d kernel/x86_64/interrupt.x86_64.o
 .debug_line    0x000000000000050b       0x63 kernel/x86_64/stubs.x86_64.o
 .debug_line    0x000000000000056e       0xd9 kernel/x86_64/gdt.x86_64.o
 .debug_line    0x0000000000000647       0xad kernel/x86_64/idt.x86_64.o
 .debug_line    0x00000000000006f4       0xbb kernel/x86_64/exception.x86_64.o
 .debug_line    0x00000000000007af      0x112 kernel/x86_64/pic.x86_64.o
 .debug_line    0x00000000000008c1       0xb5 kernel/x86_64/tss.x86_64.o
 .debug_line    0x0000000000000976      0x242 vm/x86_64/mm_phys.x86_64.o
 .debug_line    0x0000000000000bb8      0x1e0 vm/x86_64/mm_virt.x86_64.o
 .debug_line    0x0000000000000d98       0x75 lib/x86_64/asm.x86_64.o
 .debug_line    0x0000000000000e0d       0x4c lib/x86_64/srand.x86_64.o
 .debug_line    0x0000000000000e59       0xee drivers/x86_64/polltty.x86_64.o
 .debug_line    0x0000000000000f47      0x1c1 drivers/x86_64/tty.x86_64.o
 .debug_line    0x0000000000001108      0x10d drivers/x86_64/device.x86_64.o
 .debug_line    0x0000000000001215      0x10b drivers/x86_64/pit.x86_64.o
 .debug_line    0x0000000000001320      0x1cf drivers/x86_64/keyboard.x86_64.o
 .debug_line    0x00000000000014ef      0x389 drivers/x86_64/disk.x86_64.o
 .debug_line    0x0000000000001878       0x80 drivers/x86_64/metadev.x86_64.o
 .debug_line    0x00000000000018f8      0x17d drivers/x86_64/pci.x86_64.o
 .debug_line    0x0000000000001a75       0x91 proc/x86_64/_syscall.x86_64.o
 .debug_line    0x0000000000001b06       0xcb proc/x86_64/_proc.x86_64.o
 .debug_line    0x0000000000001bd1      0x16e init/common.x86_64.o
 .debug_line    0x0000000000001d3f       0x8a kernel/panic.x86_64.o
 .debug_line    0x0000000000001dc9      0x233 kernel/thread.x86_64.o
 .debug_line    0x0000000000001ffc      0x1c6 kernel/scheduler.x86_64.o
 .debug_line    0x00000000000021c2      0x1c1 kernel/sleepq.x86_64.o
 .debug_line    0x0000000000002383      0x152 kernel/semaphore.x86_64.o
 .debug_line    0x00000000000024d5       0x7e kernel/halt.x86_64.o
 .debug_line    0x0000000000002553       0xa2 kernel/stalloc.x86_64.o
 .debug_line    0x00000000000025f5       0xb1 kernel/klock.x86_64.o
 .debug_line    0x00000000000026a6      0x1c6 lib/libc.x86_64.o
 .debug_line    0x000000000000286c      0x297 lib/xprintf.x86_64.o
 .debug_line    0x0000000000002b03      0x114 lib/bitmap.x86_64.o
 .debug_line    0x0000000000002c17       0xac lib/debug.x86_64.o
 .debug_line    0x0000000000002cc3      0x111 drivers/bootargs.x86_64.o
 .debug_line    0x0000000000002dd4       0xac drivers/disksched.x86_64.o
 .debug_line    0x0000000000002e80       0x92 drivers/timer.x86_64.o
 .debug_line    0x0000000000002f12       0x90 drivers/modules.x86_64.o
 .debug_line    0x0000000000002fa2      0x153 proc/elf.x86_64.o
 .debug_line    0x00000000000030f5       0xbf proc/syscall.x86_64.o
 .debug_line    0x00000000000031b4      0x35f proc/process.x86_64.o
 .debug_line    0x0000000000003513      0x171 proc/fdt.x86_64.o
 .debug_line    0x0000000000003684      0x4d3 fs/vfs.x86_64.o
 .debug_line    0x0000000000003b57      0x4db fs/tfs.x86_64.o
 .debug_line    0x0000000000004032      0x1ef fs/filesystems.x86_64.o
 .debug_line    0x0000000000004221       0x66 lib/gcc/divdi3.x86_64.o
 .debug_line    0x0000000000004287      0x1a1 lib/gcc/qdivrem.x86_64.o
 .debug_line    0x0000000000004428       0x5c lib/gcc/udivdi3.x86_64.o
 .debug_line    0x0000000000004484       0x5d lib/gcc/umoddi3.x86_64.o

.debug_str      0x0000000000000000     0x27e6
 .debug_str     0x0000000000000000      0x424 init/x86_64/main.x86_64.o
                                        0x496 (size before relaxing)
 .debug_str     0x0000000000000424       0x45 kernel/x86_64/_spinlock.x86_64.o
                                        0x110 (size before relaxing)
 .debug_str     0x0000000000000469      0x217 kernel/x86_64/cswitch.x86_64.o
                                        0x3ce (size before relaxing)
 .debug_str     0x0000000000000680      0x1d4 kernel/x86_64/interrupt.x86_64.o
                                        0x389 (size before relaxing)
 .debug_str     0x0000000000000854       0x31 kernel/x86_64/stubs.x86_64.o
                                        0x18b (size before relaxing)
 .debug_str     0x0000000000000885      0x12f kernel/x86_64/gdt.x86_64.o
                                        0x2af (size before relaxing)
 .debug_str     0x00000000000009b4       0x94 kernel/x86_64/idt.x86_64.o
                                        0x253 (size before relaxing)
 .debug_str     0x0000000000000a48       0x1a kernel/x86_64/exception.x86_64.o
                                        0x186 (size before relaxing)
 .debug_str     0x0000000000000a62       0x8e kernel/x86_64/pic.x86_64.o
                                        0x20c (size before relaxing)
 .debug_str     0x0000000000000af0       0x98 kernel/x86_64/tss.x86_64.o
                                        0x25b (size before relaxing)
 .debug_str     0x0000000000000b88      0x223 vm/x86_64/mm_phys.x86_64.o
                                        0x5a5 (size before relaxing)
 .debug_str     0x0000000000000dab      0x1d6 vm/x86_64/mm_virt.x86_64.o
                                        0x4b3 (size before relaxing)
 .debug_str     0x0000000000000f81       0x3b lib/x86_64/asm.x86_64.o
                                        0x197 (size before relaxing)
 .debug_str     0x0000000000000fbc       0x1d lib/x86_64/srand.x86_64.o
                                         0xfb (size before relaxing)
 .debug_str     0x0000000000000fd9       0xd7 drivers/x86_64/polltty.x86_64.o
                                        0x2a9 (size before relaxing)
 .debug_str     0x00000000000010b0       0x74 drivers/x86_64/tty.x86_64.o
                                        0x379 (size before relaxing)
 .debug_str     0x0000000000001124       0x69 drivers/x86_64/device.x86_64.o
                                        0x2fa (size before relaxing)
 .debug_str     0x000000000000118d       0x86 drivers/x86_64/pit.x86_64.o
                                        0x306 (size before relaxing)
 .debug_str     0x0000000000001213      0x165 drivers/x86_64/keyboard.x86_64.o
                                        0x3b5 (size before relaxing)
 .debug_str     0x0000000000001378      0x402 drivers/x86_64/disk.x86_64.o
                                        0x74b (size before relaxing)
 .debug_str     0x000000000000177a       0x26 drivers/x86_64/metadev.x86_64.o
                                        0x18b (size before relaxing)
 .debug_str     0x00000000000017a0       0xc2 drivers/x86_64/pci.x86_64.o
                                        0x424 (size before relaxing)
 .debug_str     0x0000000000001862       0x3e proc/x86_64/_syscall.x86_64.o
                                        0x1e8 (size before relaxing)
 .debug_str     0x00000000000018a0       0x4f proc/x86_64/_proc.x86_64.o
                                        0x267 (size before relaxing)
 .debug_str     0x00000000000018ef       0xa0 init/common.x86_64.o
                                        0x2af (size before relaxing)
 .debug_str     0x000000000000198f       0x1b kernel/panic.x86_64.o
                                        0x1c0 (size before relaxing)
 .debug_str     0x00000000000019aa      0x139 kernel/thread.x86_64.o
                                        0x545 (size before relaxing)
 .debug_str     0x0000000000001ae3       0x71 kernel/scheduler.x86_64.o
                                        0x44b (size before relaxing)
 .debug_str     0x0000000000001b54       0x59 kernel/sleepq.x86_64.o
                                        0x41f (size before relaxing)
 .debug_str     0x0000000000001bad       0x7b kernel/semaphore.x86_64.o
                                        0x2e5 (size before relaxing)
 .debug_str     0x0000000000001c28       0x19 kernel/halt.x86_64.o
                                        0x18d (size before relaxing)
 .debug_str     0x0000000000001c41       0x21 kernel/stalloc.x86_64.o
                                        0x1e1 (size before relaxing)
 .debug_str     0x0000000000001c62        0xf kernel/klock.x86_64.o
                                        0x204 (size before relaxing)
 .debug_str     0x0000000000001c71       0xb2 lib/libc.x86_64.o
                                        0x28b (size before relaxing)
 .debug_str     0x0000000000001d23       0xbf lib/xprintf.x86_64.o
                                        0x308 (size before relaxing)
 .debug_str     0x0000000000001de2       0x67 lib/bitmap.x86_64.o
                                        0x1e2 (size before relaxing)
 .debug_str     0x0000000000001e49       0x22 lib/debug.x86_64.o
                                        0x1b1 (size before relaxing)
 .debug_str     0x0000000000001e6b       0x75 drivers/bootargs.x86_64.o
                                        0x212 (size before relaxing)
 .debug_str     0x0000000000001ee0       0x2d drivers/disksched.x86_64.o
                                        0x249 (size before relaxing)
 .debug_str     0x0000000000001f0d       0x21 drivers/timer.x86_64.o
                                        0x1be (size before relaxing)
 .debug_str     0x0000000000001f2e       0x12 drivers/modules.x86_64.o
                                        0x21d (size before relaxing)
 .debug_str     0x0000000000001f40      0x1c0 proc/elf.x86_64.o
                                        0x373 (size before relaxing)
 .debug_str     0x0000000000002100       0x4e proc/syscall.x86_64.o
                                        0x212 (size before relaxing)
 .debug_str     0x000000000000214e      0x182 proc/process.x86_64.o
                                        0x7bf (size before relaxing)
 .debug_str     0x00000000000022d0       0x91 proc/fdt.x86_64.o
                                        0x283 (size before relaxing)
 .debug_str     0x0000000000002361      0x1b9 fs/vfs.x86_64.o
                                        0x596 (size before relaxing)
 .debug_str     0x000000000000251a       0xf4 fs/tfs.x86_64.o
                                        0x54d (size before relaxing)
 .debug_str     0x000000000000260e      0x124 fs/filesystems.x86_64.o
                                        0x4d4 (size before relaxing)
 .debug_str     0x0000000000002732       0x2d lib/gcc/divdi3.x86_64.o
                                        0x134 (size before relaxing)
 .debug_str     0x000000000000275f       0x4f lib/gcc/qdivrem.x86_64.o
                                        0x17c (size before relaxing)
 .debug_str     0x00000000000027ae       0x1c lib/gcc/udivdi3.x86_64.o
                                        0x12f (size before relaxing)
 .debug_str     0x00000000000027ca       0x1c lib/gcc/umoddi3.x86_64.o
                                        0x12f (size before relaxing)

.note.GNU-stack
                0x0000000000000000        0x0
 .note.GNU-stack
                0x0000000000000000        0x0 init/x86_64/main.x86_64.o
 .note.GNU-stack
                0x0000000000000000        0x0 kernel/x86_64/_spinlock.x86_64.o
 .note.GNU-stack
                0x0000000000000000        0x0 kernel/x86_64/cswitch.x86_64.o
 .note.GNU-stack
                0x0000000000000000        0x0 kernel/x86_64/interrupt.x86_64.o
 .note.GNU-stack
                0x0000000000000000        0x0 kernel/x86_64/stubs.x86_64.o
 .note.GNU-stack
                0x0000000000000000        0x0 kernel/x86_64/gdt.x86_64.o
 .note.GNU-stack
                0x0000000000000000        0x0 kernel/x86_64/idt.x86_64.o
 .note.GNU-stack
                0x0000000000000000        0x0 kernel/x86_64/exception.x86_64.o
 .note.GNU-stack
                0x0000000000000000        0x0 kernel/x86_64/pic.x86_64.o
 .note.GNU-stack
                0x0000000000000000        0x0 kernel/x86_64/tss.x86_64.o
 .note.GNU-stack
                0x0000000000000000        0x0 vm/x86_64/mm_phys.x86_64.o
 .note.GNU-stack
                0x0000000000000000        0x0 vm/x86_64/mm_virt.x86_64.o
 .note.GNU-stack
                0x0000000000000000        0x0 lib/x86_64/asm.x86_64.o
 .note.GNU-stack
                0x0000000000000000        0x0 lib/x86_64/srand.x86_64.o
 .note.GNU-stack
                0x0000000000000000        0x0 drivers/x86_64/polltty.x86_64.o
 .note.GNU-stack
                0x0000000000000000        0x0 drivers/x86_64/tty.x86_64.o
 .note.GNU-stack
                0x0000000000000000        0x0 drivers/x86_64/device.x86_64.o
 .note.GNU-stack
                0x0000000000000000        0x0 drivers/x86_64/pit.x86_64.o
 .note.GNU-stack
                0x0000000000000000        0x0 drivers/x86_64/keyboard.x86_64.o
 .note.GNU-stack
                0x0000000000000000        0x0 drivers/x86_64/disk.x86_64.o
 .note.GNU-stack
                0x0000000000000000        0x0 drivers/x86_64/metadev.x86_64.o
 .note.GNU-stack
                0x0000000000000000        0x0 drivers/x86_64/pci.x86_64.o
 .note.GNU-stack
                0x0000000000000000        0x0 proc/x86_64/_syscall.x86_64.o
 .note.GNU-stack
                0x0000000000000000        0x0 proc/x86_64/_proc.x86_64.o
 .note.GNU-stack
                0x0000000000000000        0x0 init/common.x86_64.o
 .note.GNU-stack
                0x0000000000000000        0x0 kernel/panic.x86_64.o
 .note.GNU-stack
                0x0000000000000000        0x0 kernel/thread.x86_64.o
 .note.GNU-stack
                0x0000000000000000        0x0 kernel/scheduler.x86_64.o
 .note.GNU-stack
                0x0000000000000000        0x0 kernel/sleepq.x86_64.o
 .note.GNU-stack
                0x0000000000000000        0x0 kernel/semaphore.x86_64.o
 .note.GNU-stack
                0x0000000000000000        0x0 kernel/halt.x86_64.o
 .note.GNU-stack
                0x0000000000000000        0x0 kernel/stalloc.x86_64.o
 .note.GNU-stack
                0x0000000000000000        0x0 kernel/klock.x86_64.o
 .note.GNU-stack
                0x0000000000000000        0x0 lib/libc.x86_64.o
 .note.GNU-stack
                0x0000000000000000        0x0 lib/xprintf.x86_64.o
 .note.GNU-stack
                0x0000000000000000        0x0 lib/bitmap.x86_64.o
 .note.GNU-stack
                0x0000000000000000        0x0 lib/debug.x86_64.o
 .note.GNU-stack
                0x0000000000000000        0x0 drivers/bootargs.x86_64.o
 .note.GNU-stack
                0x0000000000000000        0x0 drivers/disksched.x86_64.o
 .note.GNU-stack
                0x0000000000000000        0x0 drivers/timer.x86_64.o
 .note.GNU-stack
                0x0000000000000000        0x0 drivers/modules.x86_64.o
 .note.GNU-stack
                0x0000000000000000        0x0 proc/elf.x86_64.o
 .note.GNU-stack
                0x0000000000000000        0x0 proc/syscall.x86_64.o
 .note.GNU-stack
                0x0000000000000000        0x0 proc/process.x86_64.o
 .note.GNU-stack
                0x0000000000000000        0x0 proc/fdt.x86_64.o
 .note.GNU-stack
                0x0000000000000000        0x0 fs/vfs.x86_64.o
 .note.GNU-stack
                0x0000000000000000        0x0 fs/tfs.x86_64.o
 .note.GNU-stack
                0x0000000000000000        0x0 fs/filesystems.x86_64.o
 .note.GNU-stack
                0x0000000000000000        0x0 lib/gcc/divdi3.x86_64.o
 .note.GNU-stack
                0x0000000000000000        0x0 lib/gcc/qdivrem.x86_64.o
 .note.GNU-stack
                0x0000000000000000        0x0 lib/gcc/udivdi3.x86_64.o
 .note.GNU-stack
                0x0000000000000000        0x0 lib/gcc/umoddi3.x86_64.o

.debug_ranges   0x0000000000000000       0xc0
 .debug_ranges  0x0000000000000000       0x60 drivers/x86_64/tty.x86_64.o
 .debug_ranges  0x0000000000000060       0x60 fs/filesystems.x86_64.o
