
Allocating common symbols
Common symbol       size              file

ide_devices         0xa0              drivers/x86_64/disk.x86_64.o
kmalloc_addr        0x8               vm/x86_64/mm_virt.x86_64.o
used_blocks         0x8               vm/x86_64/mm_phys.x86_64.o
polltty_gcd         0x8               drivers/x86_64/polltty.x86_64.o
_mem_bitmap         0x8               vm/x86_64/mm_phys.x86_64.o
total_blocks        0x8               vm/x86_64/mm_phys.x86_64.o
pt_pool             0x400000          vm/x86_64/mm_virt.x86_64.o
fdts                0x40800           proc/fdt.x86_64.o
sleep_resource      0x4               kernel/thread.x86_64.o
highest_page        0x8               vm/x86_64/mm_phys.x86_64.o
tss_descriptors     0x1c0             kernel/x86_64/tss.x86_64.o
tty_dev             0x8               drivers/x86_64/polltty.x86_64.o
thread_table        0x800             kernel/thread.x86_64.o
stalloced_total     0x8               kernel/stalloc.x86_64.o
memory_size         0x8               vm/x86_64/mm_phys.x86_64.o
fdt_lock            0x4               proc/fdt.x86_64.o
ide_gbd             0xa0              drivers/x86_64/disk.x86_64.o
pt_bitmap           0x80              vm/x86_64/mm_virt.x86_64.o
bitmap_size         0x8               vm/x86_64/mm_phys.x86_64.o
physmem_lock        0x8               vm/x86_64/mm_phys.x86_64.o
scheduler_current_thread
                    0x10              kernel/scheduler.x86_64.o
kb_code             0x4               drivers/x86_64/keyboard.x86_64.o
ide_channels        0x48              drivers/x86_64/disk.x86_64.o
ide_dev             0x80              drivers/x86_64/disk.x86_64.o
thread_table_klock  0x4               kernel/thread.x86_64.o
process_table       0x8600            proc/process.x86_64.o
thread_stack_areas  0x20000           kernel/thread.x86_64.o
polltty_iobase      0x8               drivers/x86_64/polltty.x86_64.o
process_table_lock  0x4               proc/process.x86_64.o
p_slock             0x4               proc/process.x86_64.o
kb_slock            0x4               drivers/x86_64/keyboard.x86_64.o

Discarded input sections

 .comment       0x0000000000000000       0x1b init/x86_64/main.x86_64.o
 .eh_frame      0x0000000000000000       0x38 init/x86_64/main.x86_64.o
 .comment       0x0000000000000000       0x1b kernel/x86_64/_spinlock.x86_64.o
 .eh_frame      0x0000000000000000       0x58 kernel/x86_64/_spinlock.x86_64.o
 .comment       0x0000000000000000       0x1b kernel/x86_64/cswitch.x86_64.o
 .eh_frame      0x0000000000000000       0xd8 kernel/x86_64/cswitch.x86_64.o
 .comment       0x0000000000000000       0x1b kernel/x86_64/interrupt.x86_64.o
 .eh_frame      0x0000000000000000      0x118 kernel/x86_64/interrupt.x86_64.o
 .comment       0x0000000000000000       0x1b kernel/x86_64/stubs.x86_64.o
 .eh_frame      0x0000000000000000       0x58 kernel/x86_64/stubs.x86_64.o
 .comment       0x0000000000000000       0x1b kernel/x86_64/gdt.x86_64.o
 .eh_frame      0x0000000000000000       0x78 kernel/x86_64/gdt.x86_64.o
 .comment       0x0000000000000000       0x1b kernel/x86_64/idt.x86_64.o
 .eh_frame      0x0000000000000000       0x58 kernel/x86_64/idt.x86_64.o
 .comment       0x0000000000000000       0x1b kernel/x86_64/exception.x86_64.o
 .eh_frame      0x0000000000000000       0x38 kernel/x86_64/exception.x86_64.o
 .comment       0x0000000000000000       0x1b kernel/x86_64/pic.x86_64.o
 .eh_frame      0x0000000000000000       0xf8 kernel/x86_64/pic.x86_64.o
 .comment       0x0000000000000000       0x1b kernel/x86_64/tss.x86_64.o
 .eh_frame      0x0000000000000000       0xb8 kernel/x86_64/tss.x86_64.o
 .comment       0x0000000000000000       0x1b vm/x86_64/mm_phys.x86_64.o
 .eh_frame      0x0000000000000000      0x178 vm/x86_64/mm_phys.x86_64.o
 .comment       0x0000000000000000       0x1b vm/x86_64/mm_virt.x86_64.o
 .eh_frame      0x0000000000000000      0x2d8 vm/x86_64/mm_virt.x86_64.o
 .comment       0x0000000000000000       0x1b lib/x86_64/asm.x86_64.o
 .eh_frame      0x0000000000000000       0xb8 lib/x86_64/asm.x86_64.o
 .comment       0x0000000000000000       0x1b lib/x86_64/srand.x86_64.o
 .eh_frame      0x0000000000000000       0x58 lib/x86_64/srand.x86_64.o
 .comment       0x0000000000000000       0x1b drivers/x86_64/polltty.x86_64.o
 .eh_frame      0x0000000000000000       0x78 drivers/x86_64/polltty.x86_64.o
 .comment       0x0000000000000000       0x1b drivers/x86_64/tty.x86_64.o
 .eh_frame      0x0000000000000000       0x78 drivers/x86_64/tty.x86_64.o
 .comment       0x0000000000000000       0x1b drivers/x86_64/device.x86_64.o
 .eh_frame      0x0000000000000000       0x78 drivers/x86_64/device.x86_64.o
 .comment       0x0000000000000000       0x1b drivers/x86_64/pit.x86_64.o
 .eh_frame      0x0000000000000000       0xd8 drivers/x86_64/pit.x86_64.o
 .comment       0x0000000000000000       0x1b drivers/x86_64/keyboard.x86_64.o
 .eh_frame      0x0000000000000000      0x198 drivers/x86_64/keyboard.x86_64.o
 .comment       0x0000000000000000       0x1b drivers/x86_64/disk.x86_64.o
 .eh_frame      0x0000000000000000      0x158 drivers/x86_64/disk.x86_64.o
 .comment       0x0000000000000000       0x1b drivers/x86_64/metadev.x86_64.o
 .eh_frame      0x0000000000000000       0x38 drivers/x86_64/metadev.x86_64.o
 .comment       0x0000000000000000       0x1b drivers/x86_64/pci.x86_64.o
 .eh_frame      0x0000000000000000       0xa0 drivers/x86_64/pci.x86_64.o
 .comment       0x0000000000000000       0x1b proc/x86_64/_syscall.x86_64.o
 .eh_frame      0x0000000000000000       0x58 proc/x86_64/_syscall.x86_64.o
 .comment       0x0000000000000000       0x1b proc/x86_64/_proc.x86_64.o
 .eh_frame      0x0000000000000000       0x38 proc/x86_64/_proc.x86_64.o
 .comment       0x0000000000000000       0x1b init/common.x86_64.o
 .eh_frame      0x0000000000000000       0x58 init/common.x86_64.o
 .comment       0x0000000000000000       0x1b kernel/panic.x86_64.o
 .eh_frame      0x0000000000000000       0x38 kernel/panic.x86_64.o
 .comment       0x0000000000000000       0x1b kernel/thread.x86_64.o
 .eh_frame      0x0000000000000000      0x158 kernel/thread.x86_64.o
 .comment       0x0000000000000000       0x1b kernel/scheduler.x86_64.o
 .eh_frame      0x0000000000000000       0xb8 kernel/scheduler.x86_64.o
 .comment       0x0000000000000000       0x1b kernel/sleepq.x86_64.o
 .eh_frame      0x0000000000000000       0x98 kernel/sleepq.x86_64.o
 .comment       0x0000000000000000       0x1b kernel/semaphore.x86_64.o
 .eh_frame      0x0000000000000000       0xb8 kernel/semaphore.x86_64.o
 .comment       0x0000000000000000       0x1b kernel/halt.x86_64.o
 .eh_frame      0x0000000000000000       0x38 kernel/halt.x86_64.o
 .comment       0x0000000000000000       0x1b kernel/stalloc.x86_64.o
 .eh_frame      0x0000000000000000       0x78 kernel/stalloc.x86_64.o
 .comment       0x0000000000000000       0x1b kernel/klock.x86_64.o
 .eh_frame      0x0000000000000000       0x78 kernel/klock.x86_64.o
 .comment       0x0000000000000000       0x1b lib/libc.x86_64.o
 .eh_frame      0x0000000000000000      0x1f8 lib/libc.x86_64.o
 .comment       0x0000000000000000       0x1b lib/xprintf.x86_64.o
 .eh_frame      0x0000000000000000      0x118 lib/xprintf.x86_64.o
 .comment       0x0000000000000000       0x1b lib/bitmap.x86_64.o
 .eh_frame      0x0000000000000000       0xb8 lib/bitmap.x86_64.o
 .comment       0x0000000000000000       0x1b lib/debug.x86_64.o
 .eh_frame      0x0000000000000000       0x38 lib/debug.x86_64.o
 .comment       0x0000000000000000       0x1b drivers/bootargs.x86_64.o
 .eh_frame      0x0000000000000000       0x78 drivers/bootargs.x86_64.o
 .comment       0x0000000000000000       0x1b drivers/disksched.x86_64.o
 .eh_frame      0x0000000000000000       0x38 drivers/disksched.x86_64.o
 .comment       0x0000000000000000       0x1b drivers/timer.x86_64.o
 .eh_frame      0x0000000000000000       0x38 drivers/timer.x86_64.o
 .comment       0x0000000000000000       0x1b drivers/modules.x86_64.o
 .eh_frame      0x0000000000000000       0x38 drivers/modules.x86_64.o
 .comment       0x0000000000000000       0x1b proc/elf.x86_64.o
 .eh_frame      0x0000000000000000       0x38 proc/elf.x86_64.o
 .comment       0x0000000000000000       0x1b proc/syscall.x86_64.o
 .eh_frame      0x0000000000000000       0x38 proc/syscall.x86_64.o
 .comment       0x0000000000000000       0x1b proc/process.x86_64.o
 .eh_frame      0x0000000000000000      0x1e0 proc/process.x86_64.o
 .comment       0x0000000000000000       0x1b proc/fdt.x86_64.o
 .eh_frame      0x0000000000000000       0xb8 proc/fdt.x86_64.o
 .comment       0x0000000000000000       0x1b proc/usr_sem.x86_64.o
 .eh_frame      0x0000000000000000       0xb8 proc/usr_sem.x86_64.o
 .comment       0x0000000000000000       0x1b fs/vfs.x86_64.o
 .eh_frame      0x0000000000000000      0x2b8 fs/vfs.x86_64.o
 .comment       0x0000000000000000       0x1b fs/tfs.x86_64.o
 .eh_frame      0x0000000000000000      0x198 fs/tfs.x86_64.o
 .comment       0x0000000000000000       0x1b fs/filesystems.x86_64.o
 .eh_frame      0x0000000000000000       0x78 fs/filesystems.x86_64.o
 .comment       0x0000000000000000       0x1b lib/gcc/divdi3.x86_64.o
 .eh_frame      0x0000000000000000       0x38 lib/gcc/divdi3.x86_64.o
 .comment       0x0000000000000000       0x1b lib/gcc/qdivrem.x86_64.o
 .eh_frame      0x0000000000000000       0x58 lib/gcc/qdivrem.x86_64.o
 .comment       0x0000000000000000       0x1b lib/gcc/udivdi3.x86_64.o
 .eh_frame      0x0000000000000000       0x38 lib/gcc/udivdi3.x86_64.o
 .comment       0x0000000000000000       0x1b lib/gcc/umoddi3.x86_64.o
 .eh_frame      0x0000000000000000       0x38 lib/gcc/umoddi3.x86_64.o

Memory Configuration

Name             Origin             Length             Attributes
*default*        0x0000000000000000 0xffffffffffffffff

Linker script and memory map

                0x0000000000100000                phys = 0x100000

.text           0x0000000000100000    0x16000
                0x0000000000100000                code = .
 *(.boot*)
 .boot          0x0000000000100000       0x20 init/x86_64/_boot.x86_64.o
 *(.text*)
 .text          0x0000000000100020     0x41e0 init/x86_64/_boot.x86_64.o
                0x000000000010007a                _start
 .text          0x0000000000104200      0x236 kernel/x86_64/_irq.x86_64.o
                0x0000000000104200                isr_default_handler
                0x0000000000104202                _interrupt_yield
                0x0000000000104205                _idle_thread_wait_loop
                0x0000000000104208                _timer_set_ticks
                0x0000000000104209                __enable_irq
                0x000000000010420b                __disable_irq
                0x000000000010420d                __getflags
                0x0000000000104210                yield_irq_handler
                0x00000000001042d7                IsrCommon
                0x0000000000104390                isr_handler0
                0x0000000000104399                isr_handler1
                0x00000000001043a2                isr_handler2
                0x00000000001043ab                isr_handler3
                0x00000000001043b4                isr_handler4
                0x00000000001043bd                isr_handler5
                0x00000000001043c6                isr_handler6
                0x00000000001043cf                isr_handler7
                0x00000000001043d8                isr_handler8
                0x00000000001043df                isr_handler9
                0x00000000001043e8                isr_handler10
                0x00000000001043ef                isr_handler11
                0x00000000001043f6                isr_handler12
                0x00000000001043fd                isr_handler13
                0x0000000000104404                isr_handler14
                0x000000000010440b                isr_handler15
                0x0000000000104414                isr_handler16
                0x000000000010441d                isr_handler17
                0x0000000000104424                isr_handler18
                0x000000000010442d                isr_handler19
 .text          0x0000000000104436       0x16 kernel/x86_64/spinlock.x86_64.o
                0x0000000000104436                spinlock_acquire
 .text          0x000000000010444c       0x20 lib/x86_64/_asm.x86_64.o
                0x000000000010444c                _inb
                0x0000000000104459                _outb
                0x000000000010446b                __stack_chk_fail
 .text          0x000000000010446c       0xd2 drivers/x86_64/_timer.x86_64.o
                0x000000000010446c                pit_irq_handler
 .text          0x000000000010453e       0xc1 drivers/x86_64/_kb.x86_64.o
                0x000000000010453e                _keyboard_wait
                0x0000000000104541                keyboard_irq_handler
 .text          0x00000000001045ff      0x172 drivers/x86_64/_disk.x86_64.o
                0x00000000001045ff                ide_irq_handler0
                0x00000000001046b8                ide_irq_handler1
 .text          0x0000000000104771       0xc0 proc/x86_64/_sys.x86_64.o
                0x0000000000104771                syscall_irq_handler
 .text          0x0000000000104831      0x454 init/x86_64/main.x86_64.o
                0x0000000000104831                init
 .text          0x0000000000104c85       0x32 kernel/x86_64/_spinlock.x86_64.o
                0x0000000000104c85                spinlock_reset
                0x0000000000104c9e                spinlock_release
 .text          0x0000000000104cb7      0x60c kernel/x86_64/cswitch.x86_64.o
                0x0000000000104cb7                _context_init
                0x0000000000104eec                _context_enter_userland
                0x0000000000105118                _context_set_ip
                0x0000000000105137                _context_enable_ints
                0x00000000001051a0                _context_set_sp
                0x00000000001051be                task_switch
 .text          0x00000000001052c3      0x4c3 kernel/x86_64/interrupt.x86_64.o
                0x00000000001052c3                _interrupt_disable
                0x00000000001052eb                _interrupt_enable
                0x0000000000105313                _interrupt_set_state
                0x0000000000105340                _interrupt_get_state
                0x0000000000105371                _interrupt_is_disabled
                0x000000000010538b                interrupt_init
                0x000000000010543b                interrupt_register
                0x0000000000105474                interrupt_handle
 .text          0x0000000000105786       0x4e kernel/x86_64/stubs.x86_64.o
                0x0000000000105786                _interrupt_getcpu
                0x0000000000105791                shutdown
 .text          0x00000000001057d4      0x395 kernel/x86_64/gdt.x86_64.o
                0x00000000001057d4                gdt_init
                0x00000000001058ff                gdt_install_descriptor
                0x0000000000105a6c                gdt_install_tss
 .text          0x0000000000105b69      0x19d kernel/x86_64/idt.x86_64.o
                0x0000000000105b69                idt_init
                0x0000000000105be7                idt_install_gate
 .text          0x0000000000105d06      0x2eb kernel/x86_64/exception.x86_64.o
                0x0000000000105d06                exception_init
 .text          0x0000000000105ff1      0x302 kernel/x86_64/pic.x86_64.o
                0x0000000000105ff1                pic_sendcommand
                0x000000000010603c                pic_senddata
                0x0000000000106087                pic_getdata
                0x00000000001060cb                pic_init
                0x00000000001061df                pic_maskinterrupt
                0x0000000000106247                pic_unmaskinterrupt
                0x00000000001062b1                pic_eoi
 .text          0x00000000001062f3      0x1bf kernel/x86_64/tss.x86_64.o
                0x00000000001062f3                tss_flush
                0x000000000010630b                tss_init
                0x0000000000106332                tss_install
                0x000000000010643c                tss_setstack
                0x0000000000106477                tss_setuserstack
 .text          0x00000000001064b2      0xadd vm/x86_64/mm_phys.x86_64.o
                0x00000000001064b2                memmap_setbit
                0x000000000010652c                memmap_unsetbit
                0x00000000001065a8                memmap_testbit
                0x0000000000106603                physmem_freeregion
                0x00000000001066bd                physmem_getframe
                0x000000000010677e                physmem_getframes
                0x00000000001068da                physmem_init
                0x0000000000106b56                physmem_allocblock
                0x0000000000106ca2                physmem_freeblock
                0x0000000000106d4e                physmem_allocblocks
                0x0000000000106ebf                physmem_freeblocks
 .text          0x0000000000106f8f      0x97b vm/x86_64/mm_virt.x86_64.o
                0x0000000000106f8f                ptmap_setbit
                0x0000000000106ffb                ptmap_unsetbit
                0x0000000000107069                ptmap_testbit
                0x00000000001070be                vmm_cleartable
                0x00000000001070f1                vmm_setattribute
                0x0000000000107119                vmm_setframe
                0x0000000000107146                vmm_get_kernel_pml4
                0x0000000000107159                vmm_new_pagetable
                0x00000000001071f8                vmm_install_ptable
                0x000000000010722f                vmm_reloadcr3
                0x000000000010723c                vmm_setcr3
                0x0000000000107252                vmm_invalidatepage
                0x0000000000107268                vmm_getptable
                0x00000000001072b8                vmm_getpdir
                0x0000000000107308                vmm_getpdp
                0x0000000000107358                vm_init
                0x000000000010749b                kmalloc
                0x00000000001075d3                vm_map
                0x00000000001077fc                vm_unmap
                0x000000000010780f                vm_create_pagetable
                0x000000000010785a                vm_destroy_pagetable
                0x00000000001078ff                _tlb_get_maxindex
 .text          0x000000000010790a       0xd8 lib/x86_64/asm.x86_64.o
                0x000000000010790a                _outl
                0x0000000000107926                _inw
                0x000000000010794c                _inl
                0x0000000000107970                _insw
                0x00000000001079a9                _outsw
 .text          0x00000000001079e2       0x61 lib/x86_64/srand.x86_64.o
                0x00000000001079e2                _set_rand_seed
                0x00000000001079ff                _get_rand
 .text          0x0000000000107a43       0xbd drivers/x86_64/polltty.x86_64.o
                0x0000000000107a43                polltty_init
                0x0000000000107aa6                polltty_getchar
                0x0000000000107ac0                polltty_putchar
 .text          0x0000000000107b00      0x511 drivers/x86_64/tty.x86_64.o
                0x0000000000107b00                tty_init
                0x0000000000107c87                tty_write
                0x0000000000107f87                tty_read
 .text          0x0000000000108011      0x150 drivers/x86_64/device.x86_64.o
                0x0000000000108011                device_init
                0x000000000010808b                device_get
                0x00000000001080fa                device_register
 .text          0x0000000000108161      0x1d9 drivers/x86_64/pit.x86_64.o
                0x0000000000108161                pit_send_data
                0x00000000001081b0                pit_send_command
                0x00000000001081d7                pit_start_counter
                0x000000000010826a                pit_init
                0x00000000001082ac                get_clock
                0x00000000001082be                pit_sleepms
 .text          0x000000000010833a      0x677 drivers/x86_64/keyboard.x86_64.o
                0x000000000010833a                keyboard_getstatus
                0x0000000000108351                keyboard_test
                0x000000000010838f                keyboard_sendencoder
                0x0000000000108418                keyboard_readdata
                0x0000000000108458                keyboard_updateLED
                0x00000000001084f6                keyboard_key_int
                0x00000000001086de                keyboard_discardkey
                0x00000000001086f5                keyboard_init
                0x000000000010880c                keyboard_getlastkey
                0x000000000010881e                keyboard_getkey
                0x0000000000108862                keyboard_waitkey
                0x0000000000108944                keyboard_notify
 .text          0x00000000001089b1     0x1731 drivers/x86_64/disk.x86_64.o
                0x00000000001089b1                ide_write
                0x0000000000108ba8                ide_read
                0x0000000000108d96                ide_delay
                0x0000000000108e02                disk_init
                0x0000000000109933                ide_get_sectorsize
                0x0000000000109990                ide_get_sectorcount
                0x00000000001099e0                ide_wait
                0x0000000000109aca                ide_pio_readwrite
                0x0000000000109ede                ide_read_block
                0x0000000000109fe0                ide_write_block
 .text          0x000000000010a0e2       0x12 drivers/x86_64/metadev.x86_64.o
                0x000000000010a0e2                rtc_get_msec
 .text          0x000000000010a0f4      0x456 drivers/x86_64/pci.x86_64.o
                0x000000000010a0f4                pci_read_dword
                0x000000000010a165                get_pci_config
                0x000000000010a396                pci_find_module
                0x000000000010a40a                pci_init
 .text          0x000000000010a54a       0x74 proc/x86_64/_syscall.x86_64.o
                0x000000000010a54a                syscall_init
                0x000000000010a576                syscall_handle
 .text          0x000000000010a5be       0x78 proc/x86_64/_proc.x86_64.o
                0x000000000010a5be                process_set_pagetable
 .text          0x000000000010a636      0x39b init/common.x86_64.o
                0x000000000010a636                init_startup_fallback
                0x000000000010a866                init_startup_thread
 .text          0x000000000010a9d1       0x71 kernel/panic.x86_64.o
                0x000000000010a9d1                _kernel_panic
 .text          0x000000000010aa42      0x78d kernel/thread.x86_64.o
                0x000000000010aa42                thread_table_init
                0x000000000010ac40                thread_create
                0x000000000010af41                thread_run
                0x000000000010af60                thread_switch
                0x000000000010af97                thread_get_current_thread
                0x000000000010afe5                thread_get_thread_entry
                0x000000000010b00b                thread_get_current_thread_entry
                0x000000000010b067                thread_goto_userland
                0x000000000010b0ae                thread_finish
                0x000000000010b1a2                thread_sleep_forever
 .text          0x000000000010b1cf      0x40c kernel/scheduler.x86_64.o
                0x000000000010b1cf                scheduler_init
                0x000000000010b204                scheduler_add_to_ready_list
                0x000000000010b416                scheduler_add_ready
                0x000000000010b48a                scheduler_schedule
 .text          0x000000000010b5db      0x6b0 kernel/sleepq.x86_64.o
                0x000000000010b5db                sleepq_init
                0x000000000010b626                sleepq_add
                0x000000000010b7cb                sleepq_wake
                0x000000000010ba08                sleepq_wake_all
 .text          0x000000000010bc8b      0x365 kernel/semaphore.x86_64.o
                0x000000000010bc8b                semaphore_init
                0x000000000010bce9                semaphore_create
                0x000000000010bead                semaphore_destroy
                0x000000000010bec7                semaphore_P
                0x000000000010bf6c                semaphore_V
 .text          0x000000000010bff0       0x5a kernel/halt.x86_64.o
                0x000000000010bff0                halt_kernel
 .text          0x000000000010c04a      0x1f8 kernel/stalloc.x86_64.o
                0x000000000010c04a                stalloc_disable
                0x000000000010c08a                stalloc_init
                0x000000000010c10c                stalloc
 .text          0x000000000010c242       0x8b kernel/klock.x86_64.o
                0x000000000010c242                klock_init
                0x000000000010c264                klock_lock
                0x000000000010c297                klock_open
 .text          0x000000000010c2cd      0x570 lib/libc.x86_64.o
                0x000000000010c2cd                kwrite
                0x000000000010c30c                kread
                0x000000000010c372                stringcmp
                0x000000000010c3ef                stringcopy
                0x000000000010c470                memcopy
                0x000000000010c57c                memoryset
                0x000000000010c5c3                atoi
                0x000000000010c6e1                strlen
                0x000000000010c712                swap16
                0x000000000010c735                swap32
                0x000000000010c798                from_big_endian16
                0x000000000010c7ba                from_big_endian32
                0x000000000010c7d8                to_big_endian16
                0x000000000010c7fa                to_big_endian32
                0x000000000010c818                wordpad
 .text          0x000000000010c83d      0xca9 lib/xprintf.x86_64.o
                0x000000000010c83d                kvprintf
                0x000000000010c8cb                kprintf
                0x000000000010c9e1                vsnprintf
                0x000000000010ca1e                snprintf
 .text          0x000000000010d4e6      0x33b lib/bitmap.x86_64.o
                0x000000000010d4e6                bitmap_sizeof
                0x000000000010d507                bitmap_init
                0x000000000010d581                bitmap_get
                0x000000000010d601                bitmap_set
                0x000000000010d712                bitmap_findnset
 .text          0x000000000010d821       0xc4 lib/debug.x86_64.o
                0x000000000010d821                DEBUG
 .text          0x000000000010d8e5      0x354 drivers/bootargs.x86_64.o
                0x000000000010d937                bootargs_init
                0x000000000010db69                bootargs_get
 .text          0x000000000010dc39       0x59 drivers/disksched.x86_64.o
                0x000000000010dc39                disksched_schedule
 .text          0x000000000010dc92       0x3f drivers/timer.x86_64.o
                0x000000000010dc92                timer_set_ticks
 .text          0x000000000010dcd1       0xbf drivers/modules.x86_64.o
                0x000000000010dcd1                modules_init
 .text          0x000000000010dd90      0x47e proc/elf.x86_64.o
                0x000000000010dd90                elf_parse_header
 .text          0x000000000010e20e      0x26a proc/syscall.x86_64.o
                0x000000000010e20e                syscall_entry
 .text          0x000000000010e478      0xc1c proc/process.x86_64.o
                0x000000000010e478                process_reset
                0x000000000010e4bb                process_init
                0x000000000010e500                alloc_process_id
                0x000000000010e5f2                setup_new_process
                0x000000000010eadb                process_start
                0x000000000010ebd1                process_spawn
                0x000000000010eca1                process_get_current_process
                0x000000000010ecb6                process_get_current_process_entry
                0x000000000010edb4                process_read
                0x000000000010ee20                process_write
                0x000000000010ee8c                process_exit
                0x000000000010ef63                process_join
 .text          0x000000000010f094      0x36c proc/fdt.x86_64.o
                0x000000000010f094                fdt_init
                0x000000000010f199                fdt_alloc
                0x000000000010f23d                fdt_open
                0x000000000010f356                fdt_read
                0x000000000010f3ab                fdt_write
 .text          0x000000000010f400      0x630 proc/usr_sem.x86_64.o
                0x000000000010f400                usr_sem_init
                0x000000000010f449                usr_sem_open
                0x000000000010f82f                usr_sem_close
                0x000000000010f85f                usr_sem_p
                0x000000000010f990                usr_sem_v
 .text          0x000000000010fa30     0x1c58 fs/vfs.x86_64.o
                0x000000000010fa30                vfs_init
                0x000000000010fbc3                vfs_deinit
                0x000000000010fe4c                vfs_mount_fs
                0x000000000010ff7b                vfs_mount_all
                0x00000000001102fe                vfs_mount
                0x0000000000110568                vfs_unmount
                0x00000000001107ac                vfs_open
                0x0000000000110b15                vfs_close
                0x0000000000110bff                vfs_seek
                0x0000000000110cd5                vfs_read
                0x0000000000110df7                vfs_write
                0x0000000000110f19                vfs_create
                0x0000000000111057                vfs_remove
                0x0000000000111182                vfs_getfree
                0x0000000000111269                vfs_filecount
                0x0000000000111432                vfs_file
 .text          0x0000000000111688     0x1c02 fs/tfs.x86_64.o
                0x0000000000111688                tfs_init
                0x00000000001119bb                tfs_unmount
                0x0000000000111a07                tfs_open
                0x0000000000111b94                tfs_close
                0x0000000000111baa                tfs_create
                0x00000000001121cb                tfs_remove
                0x00000000001125e4                tfs_read
                0x00000000001129c4                tfs_write
                0x0000000000112ed3                tfs_getfree
                0x0000000000112fd0                tfs_filecount
                0x00000000001130ef                tfs_file
 .text          0x000000000011328a      0x4cb fs/filesystems.x86_64.o
                0x000000000011328a                get_partition
                0x00000000001133a9                read_extended_partition_table
                0x0000000000113532                filesystems_try_all
 .text          0x0000000000113755       0x78 lib/gcc/divdi3.x86_64.o
                0x0000000000113755                __divdi3
 .text          0x00000000001137cd      0x7e1 lib/gcc/qdivrem.x86_64.o
                0x00000000001137cd                __qdivrem
 .text          0x0000000000113fae       0x31 lib/gcc/udivdi3.x86_64.o
                0x0000000000113fae                __udivdi3
 .text          0x0000000000113fdf       0x34 lib/gcc/umoddi3.x86_64.o
                0x0000000000113fdf                __umoddi3
 *(.rodata*)
 *fill*         0x0000000000114013        0x5 
 .rodata        0x0000000000114018      0x3ab init/x86_64/main.x86_64.o
 *fill*         0x00000000001143c3        0x5 
 .rodata        0x00000000001143c8      0x2b0 kernel/x86_64/interrupt.x86_64.o
 .rodata        0x0000000000114678       0x61 kernel/x86_64/stubs.x86_64.o
 *fill*         0x00000000001146d9        0x7 
 .rodata        0x00000000001146e0       0x76 vm/x86_64/mm_phys.x86_64.o
 *fill*         0x0000000000114756        0x2 
 .rodata        0x0000000000114758       0xa1 vm/x86_64/mm_virt.x86_64.o
 *fill*         0x00000000001147f9        0x7 
 .rodata        0x0000000000114800       0x3e drivers/x86_64/tty.x86_64.o
 *fill*         0x000000000011483e        0x2 
 .rodata        0x0000000000114840      0x208 drivers/x86_64/keyboard.x86_64.o
 .rodata        0x0000000000114a48       0x17 drivers/x86_64/disk.x86_64.o
 *fill*         0x0000000000114a5f        0x1 
 .rodata        0x0000000000114a60      0x34b drivers/x86_64/pci.x86_64.o
 *fill*         0x0000000000114dab        0x5 
 .rodata        0x0000000000114db0      0x1ba init/common.x86_64.o
 *fill*         0x0000000000114f6a        0x6 
 .rodata        0x0000000000114f70       0x26 kernel/panic.x86_64.o
 *fill*         0x0000000000114f96        0x2 
 .rodata        0x0000000000114f98       0x7a kernel/thread.x86_64.o
 .rodata        0x0000000000115012       0x24 kernel/scheduler.x86_64.o
 .rodata        0x0000000000115036       0x21 kernel/sleepq.x86_64.o
 .rodata        0x0000000000115057       0x24 kernel/semaphore.x86_64.o
 *fill*         0x000000000011507b        0x5 
 .rodata        0x0000000000115080       0x58 kernel/halt.x86_64.o
 .rodata        0x00000000001150d8       0xa8 kernel/stalloc.x86_64.o
 .rodata        0x0000000000115180      0x200 lib/xprintf.x86_64.o
 .rodata        0x0000000000115380       0x3a lib/bitmap.x86_64.o
 .rodata        0x00000000001153ba        0x1 drivers/bootargs.x86_64.o
 *fill*         0x00000000001153bb        0x5 
 .rodata        0x00000000001153c0       0x59 drivers/modules.x86_64.o
 .rodata        0x0000000000115419       0x5d proc/syscall.x86_64.o
 .rodata        0x0000000000115476       0x39 proc/process.x86_64.o
 *fill*         0x00000000001154af        0x1 
 .rodata        0x00000000001154b0       0xa9 proc/usr_sem.x86_64.o
 *fill*         0x0000000000115559        0x7 
 .rodata        0x0000000000115560      0x2f5 fs/vfs.x86_64.o
 *fill*         0x0000000000115855        0x3 
 .rodata        0x0000000000115858       0xd8 fs/tfs.x86_64.o
 .rodata        0x0000000000115930       0xa8 fs/filesystems.x86_64.o
                0x0000000000116000                . = ALIGN (0x1000)
 *fill*         0x00000000001159d8      0x628 
                0x0000000000116000                __modules_start = .

.rela.dyn       0x0000000000116000        0x0
 .rela.text     0x0000000000116000        0x0 init/x86_64/_boot.x86_64.o

modules_ptr     0x0000000000116000       0x40
 *(modules_ptr)
 modules_ptr    0x0000000000116000       0x20 drivers/x86_64/disk.x86_64.o
 modules_ptr    0x0000000000116020       0x20 drivers/x86_64/pci.x86_64.o
                0x0000000000116040                __modules_end = .

real_modules_ptr
                0x0000000000116040       0x18
 *(real_modules_ptr)
 real_modules_ptr
                0x0000000000116040       0x10 drivers/x86_64/disk.x86_64.o
 real_modules_ptr
                0x0000000000116050        0x8 drivers/x86_64/pci.x86_64.o

.data           0x0000000000116060      0xfa0
                0x0000000000116060                data = .
 *(.data*)
 .data          0x0000000000116060        0x0 init/x86_64/_boot.x86_64.o
 .data          0x0000000000116060        0x0 kernel/x86_64/_irq.x86_64.o
 .data          0x0000000000116060        0x0 kernel/x86_64/spinlock.x86_64.o
 .data          0x0000000000116060        0x0 lib/x86_64/_asm.x86_64.o
 .data          0x0000000000116060        0x0 drivers/x86_64/_timer.x86_64.o
 .data          0x0000000000116060        0x0 drivers/x86_64/_kb.x86_64.o
 .data          0x0000000000116060        0x0 drivers/x86_64/_disk.x86_64.o
 .data          0x0000000000116060        0x0 proc/x86_64/_sys.x86_64.o
 .data          0x0000000000116060        0x0 init/x86_64/main.x86_64.o
 .data          0x0000000000116060        0x0 kernel/x86_64/_spinlock.x86_64.o
 .data          0x0000000000116060        0x0 kernel/x86_64/cswitch.x86_64.o
 .data          0x0000000000116060        0x8 kernel/x86_64/interrupt.x86_64.o
                0x0000000000116060                init_stack
 .data          0x0000000000116068        0x0 kernel/x86_64/stubs.x86_64.o
 .data          0x0000000000116068        0x0 kernel/x86_64/gdt.x86_64.o
 .data          0x0000000000116068        0x0 kernel/x86_64/idt.x86_64.o
 .data          0x0000000000116068        0x0 kernel/x86_64/exception.x86_64.o
 .data          0x0000000000116068        0x0 kernel/x86_64/pic.x86_64.o
 .data          0x0000000000116068        0x0 kernel/x86_64/tss.x86_64.o
 .data          0x0000000000116068        0x0 vm/x86_64/mm_phys.x86_64.o
 .data          0x0000000000116068        0x0 vm/x86_64/mm_virt.x86_64.o
 .data          0x0000000000116068        0x0 lib/x86_64/asm.x86_64.o
 .data          0x0000000000116068        0x4 lib/x86_64/srand.x86_64.o
 .data          0x000000000011606c        0x0 drivers/x86_64/polltty.x86_64.o
 .data          0x000000000011606c        0x0 drivers/x86_64/tty.x86_64.o
 .data          0x000000000011606c        0x0 drivers/x86_64/device.x86_64.o
 .data          0x000000000011606c        0x0 drivers/x86_64/pit.x86_64.o
 .data          0x000000000011606c        0x0 drivers/x86_64/keyboard.x86_64.o
 .data          0x000000000011606c        0x0 drivers/x86_64/disk.x86_64.o
 .data          0x000000000011606c        0x0 drivers/x86_64/metadev.x86_64.o
 *fill*         0x000000000011606c       0x14 
 .data          0x0000000000116080      0x3e0 drivers/x86_64/pci.x86_64.o
 .data          0x0000000000116460        0x0 proc/x86_64/_syscall.x86_64.o
 .data          0x0000000000116460        0x0 proc/x86_64/_proc.x86_64.o
 .data          0x0000000000116460        0x0 init/common.x86_64.o
 .data          0x0000000000116460        0x0 kernel/panic.x86_64.o
 .data          0x0000000000116460        0x0 kernel/thread.x86_64.o
 .data          0x0000000000116460        0x8 kernel/scheduler.x86_64.o
 .data          0x0000000000116468        0x0 kernel/sleepq.x86_64.o
 .data          0x0000000000116468        0x0 kernel/semaphore.x86_64.o
 .data          0x0000000000116468        0x0 kernel/halt.x86_64.o
 .data          0x0000000000116468        0x0 kernel/stalloc.x86_64.o
 .data          0x0000000000116468        0x0 kernel/klock.x86_64.o
 .data          0x0000000000116468        0x0 lib/libc.x86_64.o
 .data          0x0000000000116468        0x0 lib/xprintf.x86_64.o
 .data          0x0000000000116468        0x0 lib/bitmap.x86_64.o
 .data          0x0000000000116468        0x0 lib/debug.x86_64.o
 .data          0x0000000000116468        0x0 drivers/bootargs.x86_64.o
 .data          0x0000000000116468        0x0 drivers/disksched.x86_64.o
 .data          0x0000000000116468        0x0 drivers/timer.x86_64.o
 .data          0x0000000000116468        0x0 drivers/modules.x86_64.o
 .data          0x0000000000116468        0x0 proc/elf.x86_64.o
 .data          0x0000000000116468        0x0 proc/syscall.x86_64.o
 .data          0x0000000000116468        0x0 proc/process.x86_64.o
 .data          0x0000000000116468        0x0 proc/fdt.x86_64.o
 .data          0x0000000000116468        0x0 proc/usr_sem.x86_64.o
 .data          0x0000000000116468        0x0 fs/vfs.x86_64.o
 .data          0x0000000000116468        0x0 fs/tfs.x86_64.o
 *fill*         0x0000000000116468       0x18 
 .data          0x0000000000116480       0x20 fs/filesystems.x86_64.o
 .data          0x00000000001164a0        0x0 lib/gcc/divdi3.x86_64.o
 .data          0x00000000001164a0        0x4 lib/gcc/qdivrem.x86_64.o
 .data          0x00000000001164a4        0x0 lib/gcc/udivdi3.x86_64.o
 .data          0x00000000001164a4        0x0 lib/gcc/umoddi3.x86_64.o
                [!provide]                        PROVIDE (kernel_symbols_start, .)
                [!provide]                        PROVIDE (kernel_symbols_end, .)
                0x0000000000117000                . = ALIGN (0x1000)
 *fill*         0x00000000001164a4      0xb5c 

.bss            0x0000000000117000   0x471944
                0x0000000000117000                bss = .
 *(.bss*)
 .bss           0x0000000000117000        0x0 init/x86_64/_boot.x86_64.o
 .bss           0x0000000000117000        0x0 kernel/x86_64/_irq.x86_64.o
 .bss           0x0000000000117000        0x0 kernel/x86_64/spinlock.x86_64.o
 .bss           0x0000000000117000        0x0 lib/x86_64/_asm.x86_64.o
 .bss           0x0000000000117000        0x0 drivers/x86_64/_timer.x86_64.o
 .bss           0x0000000000117000        0x0 drivers/x86_64/_kb.x86_64.o
 .bss           0x0000000000117000        0x0 drivers/x86_64/_disk.x86_64.o
 .bss           0x0000000000117000        0x0 proc/x86_64/_sys.x86_64.o
 .bss           0x0000000000117000        0x0 init/x86_64/main.x86_64.o
 .bss           0x0000000000117000        0x0 kernel/x86_64/_spinlock.x86_64.o
 .bss           0x0000000000117000        0x0 kernel/x86_64/cswitch.x86_64.o
 .bss           0x0000000000117000        0x0 kernel/x86_64/interrupt.x86_64.o
 .bss           0x0000000000117000        0x0 kernel/x86_64/stubs.x86_64.o
 .bss           0x0000000000117000       0x90 kernel/x86_64/gdt.x86_64.o
 *fill*         0x0000000000117090       0x10 
 .bss           0x00000000001170a0      0xffa kernel/x86_64/idt.x86_64.o
 .bss           0x000000000011809a        0x0 kernel/x86_64/exception.x86_64.o
 .bss           0x000000000011809a        0x0 kernel/x86_64/pic.x86_64.o
 .bss           0x000000000011809a        0x0 kernel/x86_64/tss.x86_64.o
 .bss           0x000000000011809a        0x0 vm/x86_64/mm_phys.x86_64.o
 *fill*         0x000000000011809a        0x6 
 .bss           0x00000000001180a0        0xc vm/x86_64/mm_virt.x86_64.o
 .bss           0x00000000001180ac        0x0 lib/x86_64/asm.x86_64.o
 .bss           0x00000000001180ac        0x0 lib/x86_64/srand.x86_64.o
 .bss           0x00000000001180ac        0x0 drivers/x86_64/polltty.x86_64.o
 .bss           0x00000000001180ac        0x0 drivers/x86_64/tty.x86_64.o
 *fill*         0x00000000001180ac       0x14 
 .bss           0x00000000001180c0      0x404 drivers/x86_64/device.x86_64.o
 .bss           0x00000000001184c4        0x4 drivers/x86_64/pit.x86_64.o
                0x00000000001184c4                pit_counter
 .bss           0x00000000001184c8        0x6 drivers/x86_64/keyboard.x86_64.o
                0x00000000001184c8                kb_shift
                0x00000000001184c9                kb_alt
                0x00000000001184ca                kb_ctrl
                0x00000000001184cb                kb_numlock
                0x00000000001184cc                kb_capslock
                0x00000000001184cd                kb_scrolllock
 .bss           0x00000000001184ce        0x0 drivers/x86_64/disk.x86_64.o
 .bss           0x00000000001184ce        0x0 drivers/x86_64/metadev.x86_64.o
 .bss           0x00000000001184ce        0x0 drivers/x86_64/pci.x86_64.o
 .bss           0x00000000001184ce        0x0 proc/x86_64/_syscall.x86_64.o
 .bss           0x00000000001184ce        0x0 proc/x86_64/_proc.x86_64.o
 .bss           0x00000000001184ce        0x0 init/common.x86_64.o
 .bss           0x00000000001184ce        0x0 kernel/panic.x86_64.o
 *fill*         0x00000000001184ce        0x2 
 .bss           0x00000000001184d0        0x4 kernel/thread.x86_64.o
 .bss           0x00000000001184d4        0x0 kernel/scheduler.x86_64.o
 *fill*         0x00000000001184d4        0xc 
 .bss           0x00000000001184e0      0x21c kernel/sleepq.x86_64.o
 *fill*         0x00000000001186fc        0x4 
 .bss           0x0000000000118700      0x608 kernel/semaphore.x86_64.o
 .bss           0x0000000000118d08        0x0 kernel/halt.x86_64.o
 .bss           0x0000000000118d08        0x8 kernel/stalloc.x86_64.o
 .bss           0x0000000000118d10        0x0 kernel/klock.x86_64.o
 .bss           0x0000000000118d10        0x0 lib/libc.x86_64.o
 .bss           0x0000000000118d10        0x4 lib/xprintf.x86_64.o
                0x0000000000118d10                kprintf_slock
 .bss           0x0000000000118d14        0x0 lib/bitmap.x86_64.o
 .bss           0x0000000000118d14        0x0 lib/debug.x86_64.o
 *fill*         0x0000000000118d14        0xc 
 .bss           0x0000000000118d20      0x200 drivers/bootargs.x86_64.o
 .bss           0x0000000000118f20        0x0 drivers/disksched.x86_64.o
 .bss           0x0000000000118f20        0x0 drivers/timer.x86_64.o
 .bss           0x0000000000118f20        0x0 drivers/modules.x86_64.o
 .bss           0x0000000000118f20        0x0 proc/elf.x86_64.o
 .bss           0x0000000000118f20        0x0 proc/syscall.x86_64.o
 .bss           0x0000000000118f20        0x0 proc/process.x86_64.o
 .bss           0x0000000000118f20        0x0 proc/fdt.x86_64.o
 .bss           0x0000000000118f20     0x1c04 proc/usr_sem.x86_64.o
 *fill*         0x000000000011ab24       0x1c 
 .bss           0x000000000011ab40     0x2100 fs/vfs.x86_64.o
 .bss           0x000000000011cc40        0x0 fs/tfs.x86_64.o
 .bss           0x000000000011cc40        0x0 fs/filesystems.x86_64.o
 .bss           0x000000000011cc40        0x0 lib/gcc/divdi3.x86_64.o
 .bss           0x000000000011cc40        0x0 lib/gcc/qdivrem.x86_64.o
 .bss           0x000000000011cc40        0x0 lib/gcc/udivdi3.x86_64.o
 .bss           0x000000000011cc40        0x0 lib/gcc/umoddi3.x86_64.o
                0x000000000011d000                . = ALIGN (0x1000)
 *fill*         0x000000000011cc40      0x3c0 
 COMMON         0x000000000011d000      0x1c0 kernel/x86_64/tss.x86_64.o
                0x000000000011d000                tss_descriptors
 COMMON         0x000000000011d1c0       0x38 vm/x86_64/mm_phys.x86_64.o
                0x000000000011d1c0                used_blocks
                0x000000000011d1c8                _mem_bitmap
                0x000000000011d1d0                total_blocks
                0x000000000011d1d8                highest_page
                0x000000000011d1e0                memory_size
                0x000000000011d1e8                bitmap_size
                0x000000000011d1f0                physmem_lock
 *fill*         0x000000000011d1f8      0xe08 
 COMMON         0x000000000011e000   0x401080 vm/x86_64/mm_virt.x86_64.o
                0x000000000011e000                kmalloc_addr
                0x000000000011f000                pt_pool
                0x000000000051f000                pt_bitmap
 COMMON         0x000000000051f080       0x18 drivers/x86_64/polltty.x86_64.o
                0x000000000051f080                polltty_gcd
                0x000000000051f088                tty_dev
                0x000000000051f090                polltty_iobase
 COMMON         0x000000000051f098        0x8 drivers/x86_64/keyboard.x86_64.o
                0x000000000051f098                kb_code
                0x000000000051f09c                kb_slock
 COMMON         0x000000000051f0a0      0x220 drivers/x86_64/disk.x86_64.o
                0x000000000051f0a0                ide_devices
                0x000000000051f140                ide_gbd
                0x000000000051f1e0                ide_channels
                0x000000000051f240                ide_dev
 COMMON         0x000000000051f2c0    0x20840 kernel/thread.x86_64.o
                0x000000000051f2c0                sleep_resource
                0x000000000051f2e0                thread_table
                0x000000000051fae0                thread_table_klock
                0x000000000051fb00                thread_stack_areas
 COMMON         0x000000000053fb00       0x10 kernel/scheduler.x86_64.o
                0x000000000053fb00                scheduler_current_thread
 COMMON         0x000000000053fb10        0x8 kernel/stalloc.x86_64.o
                0x000000000053fb10                stalloced_total
 *fill*         0x000000000053fb18        0x8 
 COMMON         0x000000000053fb20     0x8608 proc/process.x86_64.o
                0x000000000053fb20                process_table
                0x0000000000548120                process_table_lock
                0x0000000000548124                p_slock
 *fill*         0x0000000000548128       0x18 
 COMMON         0x0000000000548140    0x40804 proc/fdt.x86_64.o
                0x0000000000548140                fdts
                0x0000000000588940                fdt_lock
                0x0000000000588944                KERNEL_ENDS_HERE = .

/DISCARD/
 *(.comment)
 *(.eh_frame)
 *(.note.gnu.build-id)
LOAD init/x86_64/_boot.x86_64.o
LOAD kernel/x86_64/_irq.x86_64.o
LOAD kernel/x86_64/spinlock.x86_64.o
LOAD lib/x86_64/_asm.x86_64.o
LOAD drivers/x86_64/_timer.x86_64.o
LOAD drivers/x86_64/_kb.x86_64.o
LOAD drivers/x86_64/_disk.x86_64.o
LOAD proc/x86_64/_sys.x86_64.o
LOAD init/x86_64/main.x86_64.o
LOAD kernel/x86_64/_spinlock.x86_64.o
LOAD kernel/x86_64/cswitch.x86_64.o
LOAD kernel/x86_64/interrupt.x86_64.o
LOAD kernel/x86_64/stubs.x86_64.o
LOAD kernel/x86_64/gdt.x86_64.o
LOAD kernel/x86_64/idt.x86_64.o
LOAD kernel/x86_64/exception.x86_64.o
LOAD kernel/x86_64/pic.x86_64.o
LOAD kernel/x86_64/tss.x86_64.o
LOAD vm/x86_64/mm_phys.x86_64.o
LOAD vm/x86_64/mm_virt.x86_64.o
LOAD lib/x86_64/asm.x86_64.o
LOAD lib/x86_64/srand.x86_64.o
LOAD drivers/x86_64/polltty.x86_64.o
LOAD drivers/x86_64/tty.x86_64.o
LOAD drivers/x86_64/device.x86_64.o
LOAD drivers/x86_64/pit.x86_64.o
LOAD drivers/x86_64/keyboard.x86_64.o
LOAD drivers/x86_64/disk.x86_64.o
LOAD drivers/x86_64/metadev.x86_64.o
LOAD drivers/x86_64/pci.x86_64.o
LOAD proc/x86_64/_syscall.x86_64.o
LOAD proc/x86_64/_proc.x86_64.o
LOAD init/common.x86_64.o
LOAD kernel/panic.x86_64.o
LOAD kernel/thread.x86_64.o
LOAD kernel/scheduler.x86_64.o
LOAD kernel/sleepq.x86_64.o
LOAD kernel/semaphore.x86_64.o
LOAD kernel/halt.x86_64.o
LOAD kernel/stalloc.x86_64.o
LOAD kernel/klock.x86_64.o
LOAD lib/libc.x86_64.o
LOAD lib/xprintf.x86_64.o
LOAD lib/bitmap.x86_64.o
LOAD lib/debug.x86_64.o
LOAD drivers/bootargs.x86_64.o
LOAD drivers/disksched.x86_64.o
LOAD drivers/timer.x86_64.o
LOAD drivers/modules.x86_64.o
LOAD proc/elf.x86_64.o
LOAD proc/syscall.x86_64.o
LOAD proc/process.x86_64.o
LOAD proc/fdt.x86_64.o
LOAD proc/usr_sem.x86_64.o
LOAD fs/vfs.x86_64.o
LOAD fs/tfs.x86_64.o
LOAD fs/filesystems.x86_64.o
LOAD lib/gcc/divdi3.x86_64.o
LOAD lib/gcc/qdivrem.x86_64.o
LOAD lib/gcc/udivdi3.x86_64.o
LOAD lib/gcc/umoddi3.x86_64.o
OUTPUT(kudos-x86_64 elf64-x86-64)

.debug_info     0x0000000000000000     0xf5b7
 .debug_info    0x0000000000000000      0x6e6 init/x86_64/main.x86_64.o
 .debug_info    0x00000000000006e6       0x9a kernel/x86_64/_spinlock.x86_64.o
 .debug_info    0x0000000000000780      0x52b kernel/x86_64/cswitch.x86_64.o
 .debug_info    0x0000000000000cab      0x689 kernel/x86_64/interrupt.x86_64.o
 .debug_info    0x0000000000001334       0xe9 kernel/x86_64/stubs.x86_64.o
 .debug_info    0x000000000000141d      0x334 kernel/x86_64/gdt.x86_64.o
 .debug_info    0x0000000000001751      0x237 kernel/x86_64/idt.x86_64.o
 .debug_info    0x0000000000001988      0x1bd kernel/x86_64/exception.x86_64.o
 .debug_info    0x0000000000001b45      0x379 kernel/x86_64/pic.x86_64.o
 .debug_info    0x0000000000001ebe      0x2a5 kernel/x86_64/tss.x86_64.o
 .debug_info    0x0000000000002163      0xa0d vm/x86_64/mm_phys.x86_64.o
 .debug_info    0x0000000000002b70      0x9bb vm/x86_64/mm_virt.x86_64.o
 .debug_info    0x000000000000352b      0x1da lib/x86_64/asm.x86_64.o
 .debug_info    0x0000000000003705       0x8f lib/x86_64/srand.x86_64.o
 .debug_info    0x0000000000003794      0x33e drivers/x86_64/polltty.x86_64.o
 .debug_info    0x0000000000003ad2      0x601 drivers/x86_64/tty.x86_64.o
 .debug_info    0x00000000000040d3      0x31e drivers/x86_64/device.x86_64.o
 .debug_info    0x00000000000043f1      0x38b drivers/x86_64/pit.x86_64.o
 .debug_info    0x000000000000477c      0x6c1 drivers/x86_64/keyboard.x86_64.o
 .debug_info    0x0000000000004e3d      0xf7a drivers/x86_64/disk.x86_64.o
 .debug_info    0x0000000000005db7       0xc0 drivers/x86_64/metadev.x86_64.o
 .debug_info    0x0000000000005e77      0x6a1 drivers/x86_64/pci.x86_64.o
 .debug_info    0x0000000000006518      0x240 proc/x86_64/_syscall.x86_64.o
 .debug_info    0x0000000000006758      0x1f3 proc/x86_64/_proc.x86_64.o
 .debug_info    0x000000000000694b      0x44c init/common.x86_64.o
 .debug_info    0x0000000000006d97      0x13e kernel/panic.x86_64.o
 .debug_info    0x0000000000006ed5      0x7d5 kernel/thread.x86_64.o
 .debug_info    0x00000000000076aa      0x51a kernel/scheduler.x86_64.o
 .debug_info    0x0000000000007bc4      0x5a0 kernel/sleepq.x86_64.o
 .debug_info    0x0000000000008164      0x3cf kernel/semaphore.x86_64.o
 .debug_info    0x0000000000008533       0xf5 kernel/halt.x86_64.o
 .debug_info    0x0000000000008628      0x16e kernel/stalloc.x86_64.o
 .debug_info    0x0000000000008796      0x1c4 kernel/klock.x86_64.o
 .debug_info    0x000000000000895a      0x581 lib/libc.x86_64.o
 .debug_info    0x0000000000008edb      0x6f5 lib/xprintf.x86_64.o
 .debug_info    0x00000000000095d0      0x2ae lib/bitmap.x86_64.o
 .debug_info    0x000000000000987e      0x12c lib/debug.x86_64.o
 .debug_info    0x00000000000099aa      0x25b drivers/bootargs.x86_64.o
 .debug_info    0x0000000000009c05      0x1d6 drivers/disksched.x86_64.o
 .debug_info    0x0000000000009ddb      0x105 drivers/timer.x86_64.o
 .debug_info    0x0000000000009ee0      0x1a1 drivers/modules.x86_64.o
 .debug_info    0x000000000000a081      0x528 proc/elf.x86_64.o
 .debug_info    0x000000000000a5a9      0x303 proc/syscall.x86_64.o
 .debug_info    0x000000000000a8ac      0xf1a proc/process.x86_64.o
 .debug_info    0x000000000000b7c6      0x408 proc/fdt.x86_64.o
 .debug_info    0x000000000000bbce      0x50a proc/usr_sem.x86_64.o
 .debug_info    0x000000000000c0d8     0x1516 fs/vfs.x86_64.o
 .debug_info    0x000000000000d5ee     0x1176 fs/tfs.x86_64.o
 .debug_info    0x000000000000e764      0x86c fs/filesystems.x86_64.o
 .debug_info    0x000000000000efd0       0xee lib/gcc/divdi3.x86_64.o
 .debug_info    0x000000000000f0be      0x391 lib/gcc/qdivrem.x86_64.o
 .debug_info    0x000000000000f44f       0xae lib/gcc/udivdi3.x86_64.o
 .debug_info    0x000000000000f4fd       0xba lib/gcc/umoddi3.x86_64.o

.debug_abbrev   0x0000000000000000     0x3a2b
 .debug_abbrev  0x0000000000000000      0x137 init/x86_64/main.x86_64.o
 .debug_abbrev  0x0000000000000137       0x76 kernel/x86_64/_spinlock.x86_64.o
 .debug_abbrev  0x00000000000001ad      0x151 kernel/x86_64/cswitch.x86_64.o
 .debug_abbrev  0x00000000000002fe      0x118 kernel/x86_64/interrupt.x86_64.o
 .debug_abbrev  0x0000000000000416       0x89 kernel/x86_64/stubs.x86_64.o
 .debug_abbrev  0x000000000000049f       0xfa kernel/x86_64/gdt.x86_64.o
 .debug_abbrev  0x0000000000000599       0xf3 kernel/x86_64/idt.x86_64.o
 .debug_abbrev  0x000000000000068c       0x80 kernel/x86_64/exception.x86_64.o
 .debug_abbrev  0x000000000000070c       0xdd kernel/x86_64/pic.x86_64.o
 .debug_abbrev  0x00000000000007e9       0xea kernel/x86_64/tss.x86_64.o
 .debug_abbrev  0x00000000000008d3      0x1d8 vm/x86_64/mm_phys.x86_64.o
 .debug_abbrev  0x0000000000000aab      0x209 vm/x86_64/mm_virt.x86_64.o
 .debug_abbrev  0x0000000000000cb4       0xac lib/x86_64/asm.x86_64.o
 .debug_abbrev  0x0000000000000d60       0x6f lib/x86_64/srand.x86_64.o
 .debug_abbrev  0x0000000000000dcf      0x146 drivers/x86_64/polltty.x86_64.o
 .debug_abbrev  0x0000000000000f15      0x143 drivers/x86_64/tty.x86_64.o
 .debug_abbrev  0x0000000000001058      0x14a drivers/x86_64/device.x86_64.o
 .debug_abbrev  0x00000000000011a2      0x161 drivers/x86_64/pit.x86_64.o
 .debug_abbrev  0x0000000000001303      0x1fb drivers/x86_64/keyboard.x86_64.o
 .debug_abbrev  0x00000000000014fe      0x1de drivers/x86_64/disk.x86_64.o
 .debug_abbrev  0x00000000000016dc       0x6f drivers/x86_64/metadev.x86_64.o
 .debug_abbrev  0x000000000000174b      0x171 drivers/x86_64/pci.x86_64.o
 .debug_abbrev  0x00000000000018bc       0xb9 proc/x86_64/_syscall.x86_64.o
 .debug_abbrev  0x0000000000001975       0xd3 proc/x86_64/_proc.x86_64.o
 .debug_abbrev  0x0000000000001a48      0x123 init/common.x86_64.o
 .debug_abbrev  0x0000000000001b6b       0x87 kernel/panic.x86_64.o
 .debug_abbrev  0x0000000000001bf2      0x201 kernel/thread.x86_64.o
 .debug_abbrev  0x0000000000001df3      0x16f kernel/scheduler.x86_64.o
 .debug_abbrev  0x0000000000001f62      0x142 kernel/sleepq.x86_64.o
 .debug_abbrev  0x00000000000020a4       0xfc kernel/semaphore.x86_64.o
 .debug_abbrev  0x00000000000021a0       0x60 kernel/halt.x86_64.o
 .debug_abbrev  0x0000000000002200       0xf5 kernel/stalloc.x86_64.o
 .debug_abbrev  0x00000000000022f5       0xbf kernel/klock.x86_64.o
 .debug_abbrev  0x00000000000023b4      0x133 lib/libc.x86_64.o
 .debug_abbrev  0x00000000000024e7      0x145 lib/xprintf.x86_64.o
 .debug_abbrev  0x000000000000262c       0xd9 lib/bitmap.x86_64.o
 .debug_abbrev  0x0000000000002705       0xaf lib/debug.x86_64.o
 .debug_abbrev  0x00000000000027b4      0x138 drivers/bootargs.x86_64.o
 .debug_abbrev  0x00000000000028ec       0xd8 drivers/disksched.x86_64.o
 .debug_abbrev  0x00000000000029c4       0x8b drivers/timer.x86_64.o
 .debug_abbrev  0x0000000000002a4f       0xf9 drivers/modules.x86_64.o
 .debug_abbrev  0x0000000000002b48       0xfc proc/elf.x86_64.o
 .debug_abbrev  0x0000000000002c44       0xda proc/syscall.x86_64.o
 .debug_abbrev  0x0000000000002d1e      0x265 proc/process.x86_64.o
 .debug_abbrev  0x0000000000002f83      0x152 proc/fdt.x86_64.o
 .debug_abbrev  0x00000000000030d5      0x124 proc/usr_sem.x86_64.o
 .debug_abbrev  0x00000000000031f9      0x24d fs/vfs.x86_64.o
 .debug_abbrev  0x0000000000003446      0x1b2 fs/tfs.x86_64.o
 .debug_abbrev  0x00000000000035f8      0x16d fs/filesystems.x86_64.o
 .debug_abbrev  0x0000000000003765       0x8d lib/gcc/divdi3.x86_64.o
 .debug_abbrev  0x00000000000037f2      0x12e lib/gcc/qdivrem.x86_64.o
 .debug_abbrev  0x0000000000003920       0x7e lib/gcc/udivdi3.x86_64.o
 .debug_abbrev  0x000000000000399e       0x8d lib/gcc/umoddi3.x86_64.o

.debug_aranges  0x0000000000000000      0x9f0
 .debug_aranges
                0x0000000000000000       0x30 init/x86_64/main.x86_64.o
 .debug_aranges
                0x0000000000000030       0x30 kernel/x86_64/_spinlock.x86_64.o
 .debug_aranges
                0x0000000000000060       0x30 kernel/x86_64/cswitch.x86_64.o
 .debug_aranges
                0x0000000000000090       0x30 kernel/x86_64/interrupt.x86_64.o
 .debug_aranges
                0x00000000000000c0       0x30 kernel/x86_64/stubs.x86_64.o
 .debug_aranges
                0x00000000000000f0       0x30 kernel/x86_64/gdt.x86_64.o
 .debug_aranges
                0x0000000000000120       0x30 kernel/x86_64/idt.x86_64.o
 .debug_aranges
                0x0000000000000150       0x30 kernel/x86_64/exception.x86_64.o
 .debug_aranges
                0x0000000000000180       0x30 kernel/x86_64/pic.x86_64.o
 .debug_aranges
                0x00000000000001b0       0x30 kernel/x86_64/tss.x86_64.o
 .debug_aranges
                0x00000000000001e0       0x30 vm/x86_64/mm_phys.x86_64.o
 .debug_aranges
                0x0000000000000210       0x30 vm/x86_64/mm_virt.x86_64.o
 .debug_aranges
                0x0000000000000240       0x30 lib/x86_64/asm.x86_64.o
 .debug_aranges
                0x0000000000000270       0x30 lib/x86_64/srand.x86_64.o
 .debug_aranges
                0x00000000000002a0       0x30 drivers/x86_64/polltty.x86_64.o
 .debug_aranges
                0x00000000000002d0       0x30 drivers/x86_64/tty.x86_64.o
 .debug_aranges
                0x0000000000000300       0x30 drivers/x86_64/device.x86_64.o
 .debug_aranges
                0x0000000000000330       0x30 drivers/x86_64/pit.x86_64.o
 .debug_aranges
                0x0000000000000360       0x30 drivers/x86_64/keyboard.x86_64.o
 .debug_aranges
                0x0000000000000390       0x30 drivers/x86_64/disk.x86_64.o
 .debug_aranges
                0x00000000000003c0       0x30 drivers/x86_64/metadev.x86_64.o
 .debug_aranges
                0x00000000000003f0       0x30 drivers/x86_64/pci.x86_64.o
 .debug_aranges
                0x0000000000000420       0x30 proc/x86_64/_syscall.x86_64.o
 .debug_aranges
                0x0000000000000450       0x30 proc/x86_64/_proc.x86_64.o
 .debug_aranges
                0x0000000000000480       0x30 init/common.x86_64.o
 .debug_aranges
                0x00000000000004b0       0x30 kernel/panic.x86_64.o
 .debug_aranges
                0x00000000000004e0       0x30 kernel/thread.x86_64.o
 .debug_aranges
                0x0000000000000510       0x30 kernel/scheduler.x86_64.o
 .debug_aranges
                0x0000000000000540       0x30 kernel/sleepq.x86_64.o
 .debug_aranges
                0x0000000000000570       0x30 kernel/semaphore.x86_64.o
 .debug_aranges
                0x00000000000005a0       0x30 kernel/halt.x86_64.o
 .debug_aranges
                0x00000000000005d0       0x30 kernel/stalloc.x86_64.o
 .debug_aranges
                0x0000000000000600       0x30 kernel/klock.x86_64.o
 .debug_aranges
                0x0000000000000630       0x30 lib/libc.x86_64.o
 .debug_aranges
                0x0000000000000660       0x30 lib/xprintf.x86_64.o
 .debug_aranges
                0x0000000000000690       0x30 lib/bitmap.x86_64.o
 .debug_aranges
                0x00000000000006c0       0x30 lib/debug.x86_64.o
 .debug_aranges
                0x00000000000006f0       0x30 drivers/bootargs.x86_64.o
 .debug_aranges
                0x0000000000000720       0x30 drivers/disksched.x86_64.o
 .debug_aranges
                0x0000000000000750       0x30 drivers/timer.x86_64.o
 .debug_aranges
                0x0000000000000780       0x30 drivers/modules.x86_64.o
 .debug_aranges
                0x00000000000007b0       0x30 proc/elf.x86_64.o
 .debug_aranges
                0x00000000000007e0       0x30 proc/syscall.x86_64.o
 .debug_aranges
                0x0000000000000810       0x30 proc/process.x86_64.o
 .debug_aranges
                0x0000000000000840       0x30 proc/fdt.x86_64.o
 .debug_aranges
                0x0000000000000870       0x30 proc/usr_sem.x86_64.o
 .debug_aranges
                0x00000000000008a0       0x30 fs/vfs.x86_64.o
 .debug_aranges
                0x00000000000008d0       0x30 fs/tfs.x86_64.o
 .debug_aranges
                0x0000000000000900       0x30 fs/filesystems.x86_64.o
 .debug_aranges
                0x0000000000000930       0x30 lib/gcc/divdi3.x86_64.o
 .debug_aranges
                0x0000000000000960       0x30 lib/gcc/qdivrem.x86_64.o
 .debug_aranges
                0x0000000000000990       0x30 lib/gcc/udivdi3.x86_64.o
 .debug_aranges
                0x00000000000009c0       0x30 lib/gcc/umoddi3.x86_64.o

.debug_line     0x0000000000000000     0x46fc
 .debug_line    0x0000000000000000      0x1b3 init/x86_64/main.x86_64.o
 .debug_line    0x00000000000001b3       0x67 kernel/x86_64/_spinlock.x86_64.o
 .debug_line    0x000000000000021a      0x19a kernel/x86_64/cswitch.x86_64.o
 .debug_line    0x00000000000003b4      0x16d kernel/x86_64/interrupt.x86_64.o
 .debug_line    0x0000000000000521       0x63 kernel/x86_64/stubs.x86_64.o
 .debug_line    0x0000000000000584       0xd9 kernel/x86_64/gdt.x86_64.o
 .debug_line    0x000000000000065d       0xad kernel/x86_64/idt.x86_64.o
 .debug_line    0x000000000000070a       0xbb kernel/x86_64/exception.x86_64.o
 .debug_line    0x00000000000007c5      0x112 kernel/x86_64/pic.x86_64.o
 .debug_line    0x00000000000008d7       0xb5 kernel/x86_64/tss.x86_64.o
 .debug_line    0x000000000000098c      0x242 vm/x86_64/mm_phys.x86_64.o
 .debug_line    0x0000000000000bce      0x1e0 vm/x86_64/mm_virt.x86_64.o
 .debug_line    0x0000000000000dae       0x75 lib/x86_64/asm.x86_64.o
 .debug_line    0x0000000000000e23       0x4c lib/x86_64/srand.x86_64.o
 .debug_line    0x0000000000000e6f       0xee drivers/x86_64/polltty.x86_64.o
 .debug_line    0x0000000000000f5d      0x1c1 drivers/x86_64/tty.x86_64.o
 .debug_line    0x000000000000111e      0x10d drivers/x86_64/device.x86_64.o
 .debug_line    0x000000000000122b      0x10b drivers/x86_64/pit.x86_64.o
 .debug_line    0x0000000000001336      0x1cf drivers/x86_64/keyboard.x86_64.o
 .debug_line    0x0000000000001505      0x389 drivers/x86_64/disk.x86_64.o
 .debug_line    0x000000000000188e       0x80 drivers/x86_64/metadev.x86_64.o
 .debug_line    0x000000000000190e      0x17d drivers/x86_64/pci.x86_64.o
 .debug_line    0x0000000000001a8b       0x91 proc/x86_64/_syscall.x86_64.o
 .debug_line    0x0000000000001b1c       0xcb proc/x86_64/_proc.x86_64.o
 .debug_line    0x0000000000001be7      0x16e init/common.x86_64.o
 .debug_line    0x0000000000001d55       0x8a kernel/panic.x86_64.o
 .debug_line    0x0000000000001ddf      0x233 kernel/thread.x86_64.o
 .debug_line    0x0000000000002012      0x1c6 kernel/scheduler.x86_64.o
 .debug_line    0x00000000000021d8      0x1c1 kernel/sleepq.x86_64.o
 .debug_line    0x0000000000002399      0x152 kernel/semaphore.x86_64.o
 .debug_line    0x00000000000024eb       0x7e kernel/halt.x86_64.o
 .debug_line    0x0000000000002569       0xa2 kernel/stalloc.x86_64.o
 .debug_line    0x000000000000260b       0xb1 kernel/klock.x86_64.o
 .debug_line    0x00000000000026bc      0x1c6 lib/libc.x86_64.o
 .debug_line    0x0000000000002882      0x297 lib/xprintf.x86_64.o
 .debug_line    0x0000000000002b19      0x114 lib/bitmap.x86_64.o
 .debug_line    0x0000000000002c2d       0xac lib/debug.x86_64.o
 .debug_line    0x0000000000002cd9      0x111 drivers/bootargs.x86_64.o
 .debug_line    0x0000000000002dea       0xac drivers/disksched.x86_64.o
 .debug_line    0x0000000000002e96       0x92 drivers/timer.x86_64.o
 .debug_line    0x0000000000002f28       0x90 drivers/modules.x86_64.o
 .debug_line    0x0000000000002fb8      0x153 proc/elf.x86_64.o
 .debug_line    0x000000000000310b      0x104 proc/syscall.x86_64.o
 .debug_line    0x000000000000320f      0x35c proc/process.x86_64.o
 .debug_line    0x000000000000356b      0x171 proc/fdt.x86_64.o
 .debug_line    0x00000000000036dc      0x1c3 proc/usr_sem.x86_64.o
 .debug_line    0x000000000000389f      0x4d3 fs/vfs.x86_64.o
 .debug_line    0x0000000000003d72      0x4db fs/tfs.x86_64.o
 .debug_line    0x000000000000424d      0x1ef fs/filesystems.x86_64.o
 .debug_line    0x000000000000443c       0x66 lib/gcc/divdi3.x86_64.o
 .debug_line    0x00000000000044a2      0x1a1 lib/gcc/qdivrem.x86_64.o
 .debug_line    0x0000000000004643       0x5c lib/gcc/udivdi3.x86_64.o
 .debug_line    0x000000000000469f       0x5d lib/gcc/umoddi3.x86_64.o

.debug_str      0x0000000000000000     0x2834
 .debug_str     0x0000000000000000      0x431 init/x86_64/main.x86_64.o
                                        0x4a3 (size before relaxing)
 .debug_str     0x0000000000000431       0x45 kernel/x86_64/_spinlock.x86_64.o
                                        0x110 (size before relaxing)
 .debug_str     0x0000000000000476      0x217 kernel/x86_64/cswitch.x86_64.o
                                        0x3ce (size before relaxing)
 .debug_str     0x000000000000068d      0x1d4 kernel/x86_64/interrupt.x86_64.o
                                        0x389 (size before relaxing)
 .debug_str     0x0000000000000861       0x31 kernel/x86_64/stubs.x86_64.o
                                        0x18b (size before relaxing)
 .debug_str     0x0000000000000892      0x12f kernel/x86_64/gdt.x86_64.o
                                        0x2af (size before relaxing)
 .debug_str     0x00000000000009c1       0x94 kernel/x86_64/idt.x86_64.o
                                        0x253 (size before relaxing)
 .debug_str     0x0000000000000a55       0x1a kernel/x86_64/exception.x86_64.o
                                        0x186 (size before relaxing)
 .debug_str     0x0000000000000a6f       0x8e kernel/x86_64/pic.x86_64.o
                                        0x20c (size before relaxing)
 .debug_str     0x0000000000000afd       0x98 kernel/x86_64/tss.x86_64.o
                                        0x25b (size before relaxing)
 .debug_str     0x0000000000000b95      0x223 vm/x86_64/mm_phys.x86_64.o
                                        0x5a5 (size before relaxing)
 .debug_str     0x0000000000000db8      0x1d6 vm/x86_64/mm_virt.x86_64.o
                                        0x4b3 (size before relaxing)
 .debug_str     0x0000000000000f8e       0x3b lib/x86_64/asm.x86_64.o
                                        0x197 (size before relaxing)
 .debug_str     0x0000000000000fc9       0x1d lib/x86_64/srand.x86_64.o
                                         0xfb (size before relaxing)
 .debug_str     0x0000000000000fe6       0xd7 drivers/x86_64/polltty.x86_64.o
                                        0x2a9 (size before relaxing)
 .debug_str     0x00000000000010bd       0x74 drivers/x86_64/tty.x86_64.o
                                        0x379 (size before relaxing)
 .debug_str     0x0000000000001131       0x69 drivers/x86_64/device.x86_64.o
                                        0x2fa (size before relaxing)
 .debug_str     0x000000000000119a       0x86 drivers/x86_64/pit.x86_64.o
                                        0x306 (size before relaxing)
 .debug_str     0x0000000000001220      0x165 drivers/x86_64/keyboard.x86_64.o
                                        0x3b5 (size before relaxing)
 .debug_str     0x0000000000001385      0x402 drivers/x86_64/disk.x86_64.o
                                        0x74b (size before relaxing)
 .debug_str     0x0000000000001787       0x26 drivers/x86_64/metadev.x86_64.o
                                        0x18b (size before relaxing)
 .debug_str     0x00000000000017ad       0xc2 drivers/x86_64/pci.x86_64.o
                                        0x424 (size before relaxing)
 .debug_str     0x000000000000186f       0x3e proc/x86_64/_syscall.x86_64.o
                                        0x1e8 (size before relaxing)
 .debug_str     0x00000000000018ad       0x4f proc/x86_64/_proc.x86_64.o
                                        0x267 (size before relaxing)
 .debug_str     0x00000000000018fc       0xa0 init/common.x86_64.o
                                        0x2af (size before relaxing)
 .debug_str     0x000000000000199c       0x1b kernel/panic.x86_64.o
                                        0x1c0 (size before relaxing)
 .debug_str     0x00000000000019b7      0x139 kernel/thread.x86_64.o
                                        0x545 (size before relaxing)
 .debug_str     0x0000000000001af0       0x71 kernel/scheduler.x86_64.o
                                        0x44b (size before relaxing)
 .debug_str     0x0000000000001b61       0x59 kernel/sleepq.x86_64.o
                                        0x41f (size before relaxing)
 .debug_str     0x0000000000001bba       0x7b kernel/semaphore.x86_64.o
                                        0x2e5 (size before relaxing)
 .debug_str     0x0000000000001c35       0x19 kernel/halt.x86_64.o
                                        0x18d (size before relaxing)
 .debug_str     0x0000000000001c4e       0x21 kernel/stalloc.x86_64.o
                                        0x1e1 (size before relaxing)
 .debug_str     0x0000000000001c6f        0xf kernel/klock.x86_64.o
                                        0x204 (size before relaxing)
 .debug_str     0x0000000000001c7e       0xb2 lib/libc.x86_64.o
                                        0x28b (size before relaxing)
 .debug_str     0x0000000000001d30       0xbf lib/xprintf.x86_64.o
                                        0x308 (size before relaxing)
 .debug_str     0x0000000000001def       0x67 lib/bitmap.x86_64.o
                                        0x1e2 (size before relaxing)
 .debug_str     0x0000000000001e56       0x22 lib/debug.x86_64.o
                                        0x1b1 (size before relaxing)
 .debug_str     0x0000000000001e78       0x75 drivers/bootargs.x86_64.o
                                        0x212 (size before relaxing)
 .debug_str     0x0000000000001eed       0x2d drivers/disksched.x86_64.o
                                        0x249 (size before relaxing)
 .debug_str     0x0000000000001f1a       0x21 drivers/timer.x86_64.o
                                        0x1be (size before relaxing)
 .debug_str     0x0000000000001f3b       0x12 drivers/modules.x86_64.o
                                        0x21d (size before relaxing)
 .debug_str     0x0000000000001f4d      0x1c0 proc/elf.x86_64.o
                                        0x373 (size before relaxing)
 .debug_str     0x000000000000210d       0x94 proc/syscall.x86_64.o
                                        0x27f (size before relaxing)
 .debug_str     0x00000000000021a1      0x160 proc/process.x86_64.o
                                        0x7ba (size before relaxing)
 .debug_str     0x0000000000002301       0x91 proc/fdt.x86_64.o
                                        0x283 (size before relaxing)
 .debug_str     0x0000000000002392       0x1d proc/usr_sem.x86_64.o
                                        0x2c1 (size before relaxing)
 .debug_str     0x00000000000023af      0x1b9 fs/vfs.x86_64.o
                                        0x596 (size before relaxing)
 .debug_str     0x0000000000002568       0xf4 fs/tfs.x86_64.o
                                        0x54d (size before relaxing)
 .debug_str     0x000000000000265c      0x124 fs/filesystems.x86_64.o
                                        0x4d4 (size before relaxing)
 .debug_str     0x0000000000002780       0x2d lib/gcc/divdi3.x86_64.o
                                        0x134 (size before relaxing)
 .debug_str     0x00000000000027ad       0x4f lib/gcc/qdivrem.x86_64.o
                                        0x17c (size before relaxing)
 .debug_str     0x00000000000027fc       0x1c lib/gcc/udivdi3.x86_64.o
                                        0x12f (size before relaxing)
 .debug_str     0x0000000000002818       0x1c lib/gcc/umoddi3.x86_64.o
                                        0x12f (size before relaxing)

.note.GNU-stack
                0x0000000000000000        0x0
 .note.GNU-stack
                0x0000000000000000        0x0 init/x86_64/main.x86_64.o
 .note.GNU-stack
                0x0000000000000000        0x0 kernel/x86_64/_spinlock.x86_64.o
 .note.GNU-stack
                0x0000000000000000        0x0 kernel/x86_64/cswitch.x86_64.o
 .note.GNU-stack
                0x0000000000000000        0x0 kernel/x86_64/interrupt.x86_64.o
 .note.GNU-stack
                0x0000000000000000        0x0 kernel/x86_64/stubs.x86_64.o
 .note.GNU-stack
                0x0000000000000000        0x0 kernel/x86_64/gdt.x86_64.o
 .note.GNU-stack
                0x0000000000000000        0x0 kernel/x86_64/idt.x86_64.o
 .note.GNU-stack
                0x0000000000000000        0x0 kernel/x86_64/exception.x86_64.o
 .note.GNU-stack
                0x0000000000000000        0x0 kernel/x86_64/pic.x86_64.o
 .note.GNU-stack
                0x0000000000000000        0x0 kernel/x86_64/tss.x86_64.o
 .note.GNU-stack
                0x0000000000000000        0x0 vm/x86_64/mm_phys.x86_64.o
 .note.GNU-stack
                0x0000000000000000        0x0 vm/x86_64/mm_virt.x86_64.o
 .note.GNU-stack
                0x0000000000000000        0x0 lib/x86_64/asm.x86_64.o
 .note.GNU-stack
                0x0000000000000000        0x0 lib/x86_64/srand.x86_64.o
 .note.GNU-stack
                0x0000000000000000        0x0 drivers/x86_64/polltty.x86_64.o
 .note.GNU-stack
                0x0000000000000000        0x0 drivers/x86_64/tty.x86_64.o
 .note.GNU-stack
                0x0000000000000000        0x0 drivers/x86_64/device.x86_64.o
 .note.GNU-stack
                0x0000000000000000        0x0 drivers/x86_64/pit.x86_64.o
 .note.GNU-stack
                0x0000000000000000        0x0 drivers/x86_64/keyboard.x86_64.o
 .note.GNU-stack
                0x0000000000000000        0x0 drivers/x86_64/disk.x86_64.o
 .note.GNU-stack
                0x0000000000000000        0x0 drivers/x86_64/metadev.x86_64.o
 .note.GNU-stack
                0x0000000000000000        0x0 drivers/x86_64/pci.x86_64.o
 .note.GNU-stack
                0x0000000000000000        0x0 proc/x86_64/_syscall.x86_64.o
 .note.GNU-stack
                0x0000000000000000        0x0 proc/x86_64/_proc.x86_64.o
 .note.GNU-stack
                0x0000000000000000        0x0 init/common.x86_64.o
 .note.GNU-stack
                0x0000000000000000        0x0 kernel/panic.x86_64.o
 .note.GNU-stack
                0x0000000000000000        0x0 kernel/thread.x86_64.o
 .note.GNU-stack
                0x0000000000000000        0x0 kernel/scheduler.x86_64.o
 .note.GNU-stack
                0x0000000000000000        0x0 kernel/sleepq.x86_64.o
 .note.GNU-stack
                0x0000000000000000        0x0 kernel/semaphore.x86_64.o
 .note.GNU-stack
                0x0000000000000000        0x0 kernel/halt.x86_64.o
 .note.GNU-stack
                0x0000000000000000        0x0 kernel/stalloc.x86_64.o
 .note.GNU-stack
                0x0000000000000000        0x0 kernel/klock.x86_64.o
 .note.GNU-stack
                0x0000000000000000        0x0 lib/libc.x86_64.o
 .note.GNU-stack
                0x0000000000000000        0x0 lib/xprintf.x86_64.o
 .note.GNU-stack
                0x0000000000000000        0x0 lib/bitmap.x86_64.o
 .note.GNU-stack
                0x0000000000000000        0x0 lib/debug.x86_64.o
 .note.GNU-stack
                0x0000000000000000        0x0 drivers/bootargs.x86_64.o
 .note.GNU-stack
                0x0000000000000000        0x0 drivers/disksched.x86_64.o
 .note.GNU-stack
                0x0000000000000000        0x0 drivers/timer.x86_64.o
 .note.GNU-stack
                0x0000000000000000        0x0 drivers/modules.x86_64.o
 .note.GNU-stack
                0x0000000000000000        0x0 proc/elf.x86_64.o
 .note.GNU-stack
                0x0000000000000000        0x0 proc/syscall.x86_64.o
 .note.GNU-stack
                0x0000000000000000        0x0 proc/process.x86_64.o
 .note.GNU-stack
                0x0000000000000000        0x0 proc/fdt.x86_64.o
 .note.GNU-stack
                0x0000000000000000        0x0 proc/usr_sem.x86_64.o
 .note.GNU-stack
                0x0000000000000000        0x0 fs/vfs.x86_64.o
 .note.GNU-stack
                0x0000000000000000        0x0 fs/tfs.x86_64.o
 .note.GNU-stack
                0x0000000000000000        0x0 fs/filesystems.x86_64.o
 .note.GNU-stack
                0x0000000000000000        0x0 lib/gcc/divdi3.x86_64.o
 .note.GNU-stack
                0x0000000000000000        0x0 lib/gcc/qdivrem.x86_64.o
 .note.GNU-stack
                0x0000000000000000        0x0 lib/gcc/udivdi3.x86_64.o
 .note.GNU-stack
                0x0000000000000000        0x0 lib/gcc/umoddi3.x86_64.o

.debug_ranges   0x0000000000000000       0xc0
 .debug_ranges  0x0000000000000000       0x60 drivers/x86_64/tty.x86_64.o
 .debug_ranges  0x0000000000000060       0x60 fs/filesystems.x86_64.o
